<html>
<body>
<pre>
<h1>µVision Build Log</h1>
<h2>Tool Versions:</h2>
IDE-Version: µVision V5.12.0.0
Copyright (C) 2014 ARM Ltd and ARM Germany GmbH. All rights reserved.
License Information: Kristin Åstebøl, Nordic Semiconductor ASA, LIC=LJWIM-GTNKV-D71VZ-H8FUU-ZYPSR-1NVXZ
 
Tool Versions:
Toolchain:       MDK-ARM Professional  Version: 5.12.0.0
Toolchain Path:  C:\Keil\ARM\ARMCC\Bin
C Compiler:      Armcc.exe V5.05 (build 41)
Assembler:       Armasm.exe V5.05 (build 41)
Linker/Locator:  ArmLink.exe V5.05 (build 41)
Library Manager: ArmAr.exe V5.05 (build 41)
Hex Converter:   FromElf.exe V5.05 (build 41)
CPU DLL:         SARMCM3.DLL V5.12.0.0
Dialog DLL:      DARMCM1.DLL V1.11.00.0
    Target DLL: Segger\JL2CM3.dll
Dialog DLL:      TARMCM1.DLL V1.08.00.0
 
<h2>Project:</h2>
C:\Keil\ARM\Device\Nordic\nRF51_SDK_8.0.0_5fc2c3a\examples\ble_central\ble_app_hrs_c_s130_1_0_0-3-alpha\pca10028\s120\arm4\ble_app_hrs_c_s120_pca10028.uvproj
Project File Date:  03/24/2015

<h2>Output:</h2>
Build Project 'ble_app_hrs_c_s120_pca10028' - Target 'nrf51422_xxac_s120'
creating preprocessor file for main.c...
compiling main.c...
linking...
Program Size: Code=41140 RO-data=1996 RW-data=404 ZI-data=4364  
FromELF: creating hex file...
".\_build\nrf51422_xxac_s120.axf" - 0 Error(s), 0 Warning(s).
</pre>
</body>
</html>
e\\Nordic\\nRF51_SDK_8.0.0_5fc2c3a\\examples\\ble_central\\ble_app_hrs_c_s130_1_0_0-3-alpha\\pca10028\\s120\\arm4\\_build\\nrf51422_xxac_s120.axf" 
Set JLink Project File to "C:\Keil\ARM\Device\Nordic\nRF51_SDK_8.0.0_5fc2c3a\examples\ble_central\ble_app_hrs_c_s130_1_0_0-3-alpha\pca10028\s120\arm4\JLinkSettings.ini"
* JLink Info: Device "NRF51422_XXAC" selected (257 KB flash, 32 KB RAM).
 
JLink info:
------------
DLL: V4.92 , compiled Sep 30 2014 09:33:42
Firmware: J-Link OB-SAM3U128-V2-NordicSemi compiled Nov 28 2014 10:32:04
Hardware: V1.00
S/N : 681808084 
 
* JLink Info: Found SWD-DP with ID 0x0BB11477
* JLink Info: Found Cortex-M0 r0p0, Little endian.
* JLink Info: FPUnit: 4 code (BP) slots and 0 literal slots
ROMTableAddr = 0xE00FF003
 
Target info:
------------
Device: nRF51422_xxAC
VTarget = 3.300V
State of Pins: 
TCK: 0, TDI: 1, TDO: 1, TMS: 1, TRES: 1, TRST: 1
Hardware-Breakpoints: 4
Software-Breakpoints: 8192
Watchpoints:          2
JTAG speed: 1000 kHz
 
Erase Done.
Programming Done.
Verify OK.
Application running ...
creating preprocessor file for main.c...
compiling main.c...
"..\..\..\main.c" - 0 Error(s), 0 Warning(s).
