<html>
<body>
<pre>
<h1>µVision Build Log</h1>
<h2>Tool Versions:</h2>
IDE-Version: µVision V5.12.0.0
Copyright (C) 2014 ARM Ltd and ARM Germany GmbH. All rights reserved.
License Information: Kristin Åstebøl, Nordic Semiconductor ASA, LIC=6XJRF-QIQJN-QL6J5-EH8RM-95MIL-38TC3
 
Tool Versions:
Toolchain:       MDK-ARM Professional  Version: 5.12.0.0
Toolchain Path:  C:\Keil\ARM\ARMCC\Bin
C Compiler:      Armcc.exe V5.05 (build 41)
Assembler:       Armasm.exe V5.05 (build 41)
Linker/Locator:  ArmLink.exe V5.05 (build 41)
Library Manager: ArmAr.exe V5.05 (build 41)
Hex Converter:   FromElf.exe V5.05 (build 41)
CPU DLL:         SARMCM3.DLL V5.12.0.0
Dialog DLL:      DARMCM1.DLL V1.11.00.0
    Target DLL: Segger\JL2CM3.dll
Dialog DLL:      TARMCM1.DLL V1.08.00.0
 
<h2>Project:</h2>
C:\Keil\ARM\Device\Nordic\nrf51822\Board\nrf6310\s120\ble_app_hrs_c_s130_sdk6_1_github\arm\ble_app_hrs_c.uvprojx
Project File Date:  11/03/2014

<h2>Output:</h2>
Build target 'nrf51822_xxaa_s120 (256K)'
assembling arm_startup_nrf51.s...
creating preprocessor file for system_nrf51.c...
compiling system_nrf51.c...
creating preprocessor file for main.c...
compiling main.c...
..\main.c(997): warning:  #177-D: variable "err_code" was declared but never referenced
      uint32_t err_code;
..\main.c(998): warning:  #550-D: variable "battery_level" was set but never used
      uint8_t  battery_level;
..\main.c(1043): warning:  #177-D: variable "err_code" was declared but never referenced
      uint32_t        err_code;
..\main.c(1044): warning:  #550-D: variable "heart_rate" was set but never used
      uint16_t        heart_rate;
..\main.c: 4 warnings, 0 errors
creating preprocessor file for ble_hrs_c.c...
compiling ble_hrs_c.c...
creating preprocessor file for ble_bas_c.c...
compiling ble_bas_c.c...
..\Source_s130\ble\ble_services\ble_bas_c.c(267): warning:  #550-D: variable "err_code" was set but never used
      uint32_t                     err_code;
..\Source_s130\ble\ble_services\ble_bas_c.c: 1 warning, 0 errors
creating preprocessor file for ble_bas.c...
compiling ble_bas.c...
creating preprocessor file for ble_dis.c...
compiling ble_dis.c...
creating preprocessor file for ble_hrs.c...
compiling ble_hrs.c...
..\Source_s130\ble\ble_services\ble_hrs.c(109): warning:  #550-D: variable "err_code" was set but never used
       uint32_t err_code;
..\Source_s130\ble\ble_services\ble_hrs.c: 1 warning, 0 errors
creating preprocessor file for ble_debug_assert_handler.c...
compiling ble_debug_assert_handler.c...
creating preprocessor file for app_trace.c...
compiling app_trace.c...
creating preprocessor file for simple_uart.c...
compiling simple_uart.c...
creating preprocessor file for ble_db_discovery.c...
compiling ble_db_discovery.c...
creating preprocessor file for nRF6350.c...
compiling nRF6350.c...
creating preprocessor file for twi_hw_master.c...
compiling twi_hw_master.c...
creating preprocessor file for pstorage.c...
compiling pstorage.c...
creating preprocessor file for device_manager_central.c...
compiling device_manager_central.c...
creating preprocessor file for app_button.c...
compiling app_button.c...
creating preprocessor file for app_gpiote.c...
compiling app_gpiote.c...
creating preprocessor file for app_timer.c...
compiling app_timer.c...
creating preprocessor file for softdevice_handler.c...
compiling softdevice_handler.c...
creating preprocessor file for ble_advdata.c...
compiling ble_advdata.c...
creating preprocessor file for ble_conn_params.c...
compiling ble_conn_params.c...
creating preprocessor file for ble_srv_common.c...
compiling ble_srv_common.c...
creating preprocessor file for ble_sensorsim.c...
compiling ble_sensorsim.c...
linking...
Program Size: Code=32072 RO-data=956 RW-data=328 ZI-data=4072  
FromELF: creating hex file...
".\_build\ble_app_hrs_c.axf" - 0 Error(s), 6 Warning(s).

<h2>Software Packages used:</h2>

Package Vendor: ARM
                http://www.keil.com/pack/ARM.CMSIS.4.2.0.pack
                ARM::CMSIS:CORE:3.40.0
                CMSIS (Cortex Microcontroller Software Interface Standard)
   * Component: CORE Version: 3.40.0

Package Vendor: NordicSemiconductor
                http://www.keil.com/pack/NordicSemiconductor.nRF_DeviceFamilyPack.1.1.1.pack
                NordicSemiconductor::Device:Startup:1.0.0
                Nordic Semiconductor nRF ARM devices Device Family Pack.
   * Component: Startup Version: 1.0.0

<h2>Collection of Component include folders:</h2>
  C:\Keil\ARM\Device\Nordic\nrf51822\Board\nrf6310\s120\ble_app_hrs_c_s130_sdk6_1_github\arm\RTE
  C:\Keil\ARM\PACK\ARM\CMSIS\4.2.0\CMSIS\Include
  C:\Keil\ARM\PACK\NordicSemiconductor\nRF_DeviceFamilyPack\1.1.1\Device\Include

<h2>Collection of Component Files used:</h2>

   * Component: ARM::CMSIS:CORE:3.40.0
      Source file:   CMSIS\UserCodeTemplates\ARM\ITM_Retarget.c

   * Component: NordicSemiconductor::Device:Startup:1.0.0
      Source file:   Device\Source\arm\arm_startup_nrf51.s
      Source file:   Device\Source\system_nrf51.c
      Include file:  Device\Include\system_nrf51.h
Load "C:\\Keil\\ARM\\Device\\Nordic\\nrf51822\\Board\\nrf6310\\s120\\ble_app_hrs_c_s130_sdk6_1_github\\arm\\_build\\ble_app_hrs_c.axf" 
Set JLink Project File to "C:\Keil\ARM\Device\Nordic\nrf51822\Board\nrf6310\s120\ble_app_hrs_c_s130_sdk6_1_github\arm\JLinkSettings.ini"
* JLink Info: Device "NRF51822_XXAA" selected (257 KB flash, 16 KB RAM).
 
JLink info:
------------
DLL: V4.92 , compiled Sep 30 2014 09:33:42
Firmware: J-Link Lite-Cortex-M V8 compiled Jul 17 2014 11:40:12
Hardware: V8.00
S/N : 518002482 
Feature(s) : GDB 
 
* JLink Info: Found SWD-DP with ID 0x0BB11477
* JLink Info: Found Cortex-M0 r0p0, Little endian.
* JLink Info: FPUnit: 4 code (BP) slots and 0 literal slots
ROMTableAddr = 0xE00FF003
 
Target info:
------------
Device: nRF51822_xxAA
VTarget = 3.183V
State of Pins: 
TCK: 0, TDI: 0, TDO: 1, TMS: 1, TRES: 1, TRST: 1
Hardware-Breakpoints: 4
Software-Breakpoints: 8192
Watchpoints:          2
JTAG speed: 2000 kHz
 
Erase Done.
Programming Done.
Verify OK.
Application running ...
