Component: ARM Compiler 5.05 (build 41) Tool: armlink [4d0eb9]

==============================================================================

Section Cross References

    arm_startup_nrf51.o(RESET) refers to arm_startup_nrf51.o(STACK) for __initial_sp
    arm_startup_nrf51.o(RESET) refers to arm_startup_nrf51.o(.text) for Reset_Handler
    arm_startup_nrf51.o(RESET) refers to app_gpiote.o(.text) for GPIOTE_IRQHandler
    arm_startup_nrf51.o(RESET) refers to app_timer.o(.text) for RTC1_IRQHandler
    arm_startup_nrf51.o(RESET) refers to softdevice_handler.o(.text) for SWI2_IRQHandler
    arm_startup_nrf51.o(.text) refers to system_nrf51.o(.text) for SystemInit
    arm_startup_nrf51.o(.text) refers to entry.o(.ARM.Collect$$$$00000000) for __main
    system_nrf51.o(.text) refers to system_nrf51.o(.data) for SystemCoreClock
    main.o(.text) refers to printf8.o(i.__0printf$8) for __2printf
    main.o(.text) refers to pstorage.o(.text) for pstorage_access_status_get
    main.o(.text) refers to device_manager_central.o(.text) for dm_whitelist_create
    main.o(.text) refers to memmovea.o(.text) for __aeabi_memcpy
    main.o(.text) refers to ble_db_discovery.o(.text) for ble_db_discovery_start
    main.o(.text) refers to memseta.o(.text) for __aeabi_memclr
    main.o(.text) refers to ble_hrs_c.o(.text) for ble_hrs_c_hrm_notif_enable
    main.o(.text) refers to main.o(.data) for m_memory_access_in_progress
    main.o(.text) refers to main.o(.bss) for m_scan_param
    main.o(.text) refers to main.o(.conststring) for .conststring
    main.o(.text) refers to ble_bas_c.o(.text) for ble_bas_c_on_ble_evt
    main.o(.text) refers to ble_hrs.o(.text) for ble_hrs_on_ble_evt
    main.o(.text) refers to ble_bas.o(.text) for ble_bas_on_ble_evt
    main.o(.text) refers to ble_conn_params.o(.text) for ble_conn_params_on_ble_evt
    main.o(.text) refers to softdevice_handler.o(.text) for softdevice_handler_init
    main.o(.text) refers to main.o(.constdata) for m_connection_param
    main.o(.text) refers to printf8.o(i.__0sprintf$8) for __2sprintf
    main.o(.text) refers to ble_sensorsim.o(.text) for ble_sensorsim_measure
    main.o(.text) refers to uidiv.o(.text) for __aeabi_uidivmod
    main.o(.text) refers to app_timer.o(.text) for app_timer_init
    main.o(.text) refers to ble_advdata.o(.text) for ble_advdata_set
    main.o(.text) refers to ble_srv_common.o(.text) for ble_srv_ascii_to_utf8
    main.o(.text) refers to ble_dis.o(.text) for ble_dis_init
    main.o(.text) refers to app_trace.o(.text) for app_trace_init
    ble_hrs_c.o(.text) refers to printf8.o(i.__0printf$8) for __2printf
    ble_hrs_c.o(.text) refers to ble_db_discovery.o(.text) for ble_db_discovery_evt_register
    ble_hrs_c.o(.text) refers to ble_hrs_c.o(.data) for m_tx_index
    ble_hrs_c.o(.text) refers to ble_hrs_c.o(.bss) for m_tx_buffer
    ble_hrs_c.o(.text) refers to ble_hrs_c.o(.conststring) for .conststring
    ble_bas_c.o(.text) refers to printf8.o(i.__0printf$8) for __2printf
    ble_bas_c.o(.text) refers to ble_db_discovery.o(.text) for ble_db_discovery_evt_register
    ble_bas_c.o(.text) refers to ble_bas_c.o(.data) for m_tx_index
    ble_bas_c.o(.text) refers to ble_bas_c.o(.bss) for m_tx_buffer
    ble_bas_c.o(.text) refers to ble_bas_c.o(.conststring) for .conststring
    ble_bas.o(.text) refers to memseta.o(.text) for __aeabi_memclr4
    ble_bas.o(.text) refers to ble_srv_common.o(.text) for ble_srv_report_ref_encode
    ble_dis.o(.text) refers to main.o(.text) for app_error_handler
    ble_dis.o(.text) refers to memseta.o(.text) for __aeabi_memclr4
    ble_dis.o(.text) refers to ble_dis.o(.data) for service_handle
    ble_hrs.o(.text) refers to memmovea.o(.text) for __aeabi_memmove
    ble_hrs.o(.text) refers to memseta.o(.text) for __aeabi_memclr4
    ble_debug_assert_handler.o(.text) refers to strncpy.o(.text) for strncpy
    ble_debug_assert_handler.o(.text) refers to ble_debug_assert_handler.o(.bss) for s_file_name
    ble_debug_assert_handler.o(.text) refers to ble_debug_assert_handler.o(.data) for s_line_num
    app_trace.o(.text) refers to simple_uart.o(.text) for simple_uart_config
    app_trace.o(.text) refers to printf8.o(i.__0printf$8) for __2printf
    simple_uart.o(.text) refers to simple_uart.o(.emb_text) for __asm___13_simple_uart_c_5dda6715__nrf_delay_us
    ble_db_discovery.o(.text) refers to memmovea.o(.text) for __aeabi_memcpy
    ble_db_discovery.o(.text) refers to printf8.o(i.__0printf$8) for __2printf
    ble_db_discovery.o(.text) refers to ble_db_discovery.o(.bss) for m_registered_handlers
    ble_db_discovery.o(.text) refers to ble_db_discovery.o(.data) for m_num_of_handlers_reg
    ble_db_discovery.o(.text) refers to ble_db_discovery.o(.conststring) for .conststring
    ble_db_discovery.o(.text) refers to memseta.o(.text) for __aeabi_memclr
    nrf6350.o(.text) refers to nrf6350.o(.emb_text) for __asm___9_nRF6350_c_83f50147__nrf_delay_us
[...]
    printf4.o(i.__0sprintf$4) refers to printf4.o(i._sputc) for _sputc
    printf4.o(i.__0vfprintf$4) refers to printf4.o(i._printf_core) for _printf_core
    printf4.o(i.__0vfprintf$4) refers to app_trace.o(.text) for fputc
    printf4.o(i.__0vprintf$4) refers to printf4.o(i._printf_core) for _printf_core
    printf4.o(i.__0vprintf$4) refers to app_trace.o(.text) for fputc
    printf4.o(i.__0vprintf$4) refers to app_trace.o(.data) for __stdout
    printf4.o(i.__0vsnprintf$4) refers to printf4.o(i._printf_core) for _printf_core
    printf4.o(i.__0vsnprintf$4) refers to printf4.o(i._snputc) for _snputc
    printf4.o(i.__0vsprintf$4) refers to printf4.o(i._printf_core) for _printf_core
    printf4.o(i.__0vsprintf$4) refers to printf4.o(i._sputc) for _sputc
    printf4.o(i._printf_core) refers to uldiv.o(.text) for __aeabi_uldivmod
    printf5.o(i.__0fprintf$5) refers to printf5.o(i._printf_core) for _printf_core
    printf5.o(i.__0fprintf$5) refers to app_trace.o(.text) for fputc
    printf5.o(i.__0printf$5) refers to printf5.o(i._printf_core) for _printf_core
    printf5.o(i.__0printf$5) refers to app_trace.o(.text) for fputc
    printf5.o(i.__0printf$5) refers to app_trace.o(.data) for __stdout
    printf5.o(i.__0snprintf$5) refers to printf5.o(i._printf_core) for _printf_core
    printf5.o(i.__0snprintf$5) refers to printf5.o(i._snputc) for _snputc
    printf5.o(i.__0sprintf$5) refers to printf5.o(i._printf_core) for _printf_core
    printf5.o(i.__0sprintf$5) refers to printf5.o(i._sputc) for _sputc
    printf5.o(i.__0vfprintf$5) refers to printf5.o(i._printf_core) for _printf_core
    printf5.o(i.__0vfprintf$5) refers to app_trace.o(.text) for fputc
    printf5.o(i.__0vprintf$5) refers to printf5.o(i._printf_core) for _printf_core
    printf5.o(i.__0vprintf$5) refers to app_trace.o(.text) for fputc
    printf5.o(i.__0vprintf$5) refers to app_trace.o(.data) for __stdout
    printf5.o(i.__0vsnprintf$5) refers to printf5.o(i._printf_core) for _printf_core
    printf5.o(i.__0vsnprintf$5) refers to printf5.o(i._snputc) for _snputc
    printf5.o(i.__0vsprintf$5) refers to printf5.o(i._printf_core) for _printf_core
    printf5.o(i.__0vsprintf$5) refers to printf5.o(i._sputc) for _sputc
    printf5.o(i._printf_core) refers to uldiv.o(.text) for __aeabi_uldivmod
    printf6.o(i.__0fprintf$6) refers to printf6.o(i._printf_core) for _printf_core
    printf6.o(i.__0fprintf$6) refers to app_trace.o(.text) for fputc
    printf6.o(i.__0printf$6) refers to printf6.o(i._printf_core) for _printf_core
    printf6.o(i.__0printf$6) refers to app_trace.o(.text) for fputc
    printf6.o(i.__0printf$6) refers to app_trace.o(.data) for __stdout
    printf6.o(i.__0snprintf$6) refers to printf6.o(i._printf_core) for _printf_core
    printf6.o(i.__0snprintf$6) refers to printf6.o(i._snputc) for _snputc
    printf6.o(i.__0sprintf$6) refers to printf6.o(i._printf_core) for _printf_core
    printf6.o(i.__0sprintf$6) refers to printf6.o(i._sputc) for _sputc
    printf6.o(i.__0vfprintf$6) refers to printf6.o(i._printf_core) for _printf_core
    printf6.o(i.__0vfprintf$6) refers to app_trace.o(.text) for fputc
    printf6.o(i.__0vprintf$6) refers to printf6.o(i._printf_core) for _printf_core
    printf6.o(i.__0vprintf$6) refers to app_trace.o(.text) for fputc
    printf6.o(i.__0vprintf$6) refers to app_trace.o(.data) for __stdout
    printf6.o(i.__0vsnprintf$6) refers to printf6.o(i._printf_core) for _printf_core
    printf6.o(i.__0vsnprintf$6) refers to printf6.o(i._snputc) for _snputc
    printf6.o(i.__0vsprintf$6) refers to printf6.o(i._printf_core) for _printf_core
    printf6.o(i.__0vsprintf$6) refers to printf6.o(i._sputc) for _sputc
    printf6.o(i._printf_core) refers to printf6.o(i._printf_pre_padding) for _printf_pre_padding
    printf6.o(i._printf_core) refers to printf6.o(i._printf_post_padding) for _printf_post_padding
    printf6.o(i._printf_core) refers to uidiv.o(.text) for __aeabi_uidivmod
    printf7.o(i.__0fprintf$7) refers to printf7.o(i._printf_core) for _printf_core
    printf7.o(i.__0fprintf$7) refers to app_trace.o(.text) for fputc
    printf7.o(i.__0printf$7) refers to printf7.o(i._printf_core) for _printf_core
    printf7.o(i.__0printf$7) refers to app_trace.o(.text) for fputc
    printf7.o(i.__0printf$7) refers to app_trace.o(.data) for __stdout
    printf7.o(i.__0snprintf$7) refers to printf7.o(i._printf_core) for _printf_core
    printf7.o(i.__0snprintf$7) refers to printf7.o(i._snputc) for _snputc
    printf7.o(i.__0sprintf$7) refers to printf7.o(i._printf_core) for _printf_core
    printf7.o(i.__0sprintf$7) refers to printf7.o(i._sputc) for _sputc
    printf7.o(i.__0vfprintf$7) refers to printf7.o(i._printf_core) for _printf_core
    printf7.o(i.__0vfprintf$7) refers to app_trace.o(.text) for fputc
    printf7.o(i.__0vprintf$7) refers to printf7.o(i._printf_core) for _printf_core
    printf7.o(i.__0vprintf$7) refers to app_trace.o(.text) for fputc
    printf7.o(i.__0vprintf$7) refers to app_trace.o(.data) for __stdout
    printf7.o(i.__0vsnprintf$7) refers to printf7.o(i._printf_core) for _printf_core
    printf7.o(i.__0vsnprintf$7) refers to printf7.o(i._snputc) for _snputc
    printf7.o(i.__0vsprintf$7) refers to printf7.o(i._printf_core) for _printf_core
    printf7.o(i.__0vsprintf$7) refers to printf7.o(i._sputc) for _sputc
    printf7.o(i._printf_core) refers to printf7.o(i._printf_pre_padding) for _printf_pre_padding
    printf7.o(i._printf_core) refers to printf7.o(i._printf_post_padding) for _printf_post_padding
    printf7.o(i._printf_core) refers to uldiv.o(.text) for __aeabi_uldivmod
    printf8.o(i.__0fprintf$8) refers to printf8.o(i._printf_core) for _printf_core
    printf8.o(i.__0fprintf$8) refers to app_trace.o(.text) for fputc
    printf8.o(i.__0printf$8) refers to printf8.o(i._printf_core) for _printf_core
    printf8.o(i.__0printf$8) refers to app_trace.o(.text) for fputc
    printf8.o(i.__0printf$8) refers to app_trace.o(.data) for __stdout
    printf8.o(i.__0snprintf$8) refers to printf8.o(i._printf_core) for _printf_core
    printf8.o(i.__0snprintf$8) refers to printf8.o(i._snputc) for _snputc
    printf8.o(i.__0sprintf$8) refers to printf8.o(i._printf_core) for _printf_core
    printf8.o(i.__0sprintf$8) refers to printf8.o(i._sputc) for _sputc
    printf8.o(i.__0vfprintf$8) refers to printf8.o(i._printf_core) for _printf_core
    printf8.o(i.__0vfprintf$8) refers to app_trace.o(.text) for fputc
    printf8.o(i.__0vprintf$8) refers to printf8.o(i._printf_core) for _printf_core
    printf8.o(i.__0vprintf$8) refers to app_trace.o(.text) for fputc
    printf8.o(i.__0vprintf$8) refers to app_trace.o(.data) for __stdout
    printf8.o(i.__0vsnprintf$8) refers to printf8.o(i._printf_core) for _printf_core
    printf8.o(i.__0vsnprintf$8) refers to printf8.o(i._snputc) for _snputc
    printf8.o(i.__0vsprintf$8) refers to printf8.o(i._printf_core) for _printf_core
    printf8.o(i.__0vsprintf$8) refers to printf8.o(i._sputc) for _sputc
    printf8.o(i._printf_core) refers to printf8.o(i._printf_pre_padding) for _printf_pre_padding
    printf8.o(i._printf_core) refers to printf8.o(i._printf_post_padding) for _printf_post_padding
    printf8.o(i._printf_core) refers to uldiv.o(.text) for __aeabi_uldivmod
    printfa.o(i.__0fprintf) refers (Special) to iusefp.o(.text) for __I$use$fp
    printfa.o(i.__0fprintf) refers to printfa.o(i._printf_core) for _printf_core
    printfa.o(i.__0fprintf) refers to app_trace.o(.text) for fputc
    printfa.o(i.__0printf) refers (Special) to iusefp.o(.text) for __I$use$fp
    printfa.o(i.__0printf) refers to printfa.o(i._printf_core) for _printf_core
    printfa.o(i.__0printf) refers to app_trace.o(.text) for fputc
    printfa.o(i.__0printf) refers to app_trace.o(.data) for __stdout
    printfa.o(i.__0snprintf) refers (Special) to iusefp.o(.text) for __I$use$fp
    printfa.o(i.__0snprintf) refers to printfa.o(i._printf_core) for _printf_core
    printfa.o(i.__0snprintf) refers to printfa.o(i._snputc) for _snputc
    printfa.o(i.__0sprintf) refers (Special) to iusefp.o(.text) for __I$use$fp
    printfa.o(i.__0sprintf) refers to printfa.o(i._printf_core) for _printf_core
    printfa.o(i.__0sprintf) refers to printfa.o(i._sputc) for _sputc
    printfa.o(i.__0vfprintf) refers (Special) to iusefp.o(.text) for __I$use$fp
    printfa.o(i.__0vfprintf) refers to printfa.o(i._printf_core) for _printf_core
    printfa.o(i.__0vfprintf) refers to app_trace.o(.text) for fputc
    printfa.o(i.__0vprintf) refers (Special) to iusefp.o(.text) for __I$use$fp
    printfa.o(i.__0vprintf) refers to printfa.o(i._printf_core) for _printf_core
    printfa.o(i.__0vprintf) refers to app_trace.o(.text) for fputc
    printfa.o(i.__0vprintf) refers to app_trace.o(.data) for __stdout
    printfa.o(i.__0vsnprintf) refers (Special) to iusefp.o(.text) for __I$use$fp
    printfa.o(i.__0vsnprintf) refers to printfa.o(i._printf_core) for _printf_core
    printfa.o(i.__0vsnprintf) refers to printfa.o(i._snputc) for _snputc
    printfa.o(i.__0vsprintf) refers (Special) to iusefp.o(.text) for __I$use$fp
    printfa.o(i.__0vsprintf) refers to printfa.o(i._printf_core) for _printf_core
    printfa.o(i.__0vsprintf) refers to printfa.o(i._sputc) for _sputc
    printfa.o(i._fp_digits) refers (Special) to iusefp.o(.text) for __I$use$fp
    printfa.o(i._fp_digits) refers to dmul.o(.text) for __aeabi_dmul
    printfa.o(i._fp_digits) refers to ddiv.o(.text) for __aeabi_ddiv
    printfa.o(i._fp_digits) refers to cdrcmple.o(.text) for __aeabi_cdrcmple
    printfa.o(i._fp_digits) refers to dadd.o(.text) for __aeabi_dadd
    printfa.o(i._fp_digits) refers to dfixul.o(.text) for __aeabi_d2ulz
    printfa.o(i._fp_digits) refers to uldiv.o(.text) for __aeabi_uldivmod
    printfa.o(i._printf_core) refers (Special) to iusefp.o(.text) for __I$use$fp
    printfa.o(i._printf_core) refers to printfa.o(i._printf_pre_padding) for _printf_pre_padding
    printfa.o(i._printf_core) refers to uldiv.o(.text) for __aeabi_uldivmod
    printfa.o(i._printf_core) refers to printfa.o(i._printf_post_padding) for _printf_post_padding
    printfa.o(i._printf_core) refers to printfa.o(i._fp_digits) for _fp_digits
    printfa.o(i._printf_core) refers to uidiv.o(.text) for __aeabi_uidivmod
    printfa.o(i._printf_post_padding) refers (Special) to iusefp.o(.text) for __I$use$fp
    printfa.o(i._printf_pre_padding) refers (Special) to iusefp.o(.text) for __I$use$fp
    printfa.o(i._snputc) refers (Special) to iusefp.o(.text) for __I$use$fp
    printfa.o(i._sputc) refers (Special) to iusefp.o(.text) for __I$use$fp
    entry2.o(.ARM.Collect$$$$00000001) refers to entry2.o(.ARM.Collect$$$$00002712) for __lit__00000000
    entry2.o(.ARM.Collect$$$$00002712) refers to arm_startup_nrf51.o(STACK) for __initial_sp
    entry2.o(__vectab_stack_and_reset_area) refers to arm_startup_nrf51.o(STACK) for __initial_sp
    entry2.o(__vectab_stack_and_reset_area) refers to entry.o(.ARM.Collect$$$$00000000) for __main
    entry5.o(.ARM.Collect$$$$00000004) refers to init.o(.text) for __scatterload
    entry9a.o(.ARM.Collect$$$$0000000B) refers to main.o(.text) for main
    entry9b.o(.ARM.Collect$$$$0000000C) refers to main.o(.text) for main
    uldiv.o(.text) refers to llushr.o(.text) for __aeabi_llsr
    uldiv.o(.text) refers to llshl.o(.text) for __aeabi_llsl
    dadd.o(.text) refers to llshl.o(.text) for __aeabi_llsl
    dadd.o(.text) refers to llsshr.o(.text) for __aeabi_lasr
    dadd.o(.text) refers to depilogue.o(.text) for _double_epilogue
    dmul.o(.text) refers to depilogue.o(.text) for _double_epilogue
    ddiv.o(.text) refers to depilogue.o(.text) for _double_round
    dfixul.o(.text) refers to llushr.o(.text) for __aeabi_llsr
    dfixul.o(.text) refers to llshl.o(.text) for __aeabi_llsl
    init.o(.text) refers to entry5.o(.ARM.Collect$$$$00000004) for __main_after_scatterload
    depilogue.o(.text) refers to depilogue.o(i.__ARM_clz) for __ARM_clz
    depilogue.o(.text) refers to llshl.o(.text) for __aeabi_llsl
    depilogue.o(.text) refers to llushr.o(.text) for __aeabi_llsr


==============================================================================

Removing Unused input sections from the image.

    Removing arm_startup_nrf51.o(HEAP), (2048 bytes).
    Removing system_nrf51.o(.rev16_text), (4 bytes).
    Removing system_nrf51.o(.revsh_text), (4 bytes).
    Removing main.o(.rev16_text), (4 bytes).
    Removing main.o(.revsh_text), (4 bytes).
    Removing main.o(.emb_text), (30 bytes).
    Removing ble_debug_assert_handler.o(.rev16_text), (4 bytes).
    Removing ble_debug_assert_handler.o(.revsh_text), (4 bytes).
    Removing ble_debug_assert_handler.o(.text), (60 bytes).
    Removing ble_debug_assert_handler.o(.bss), (128 bytes).
    Removing ble_debug_assert_handler.o(.data), (8 bytes).
    Removing app_trace.o(.rev16_text), (4 bytes).
    Removing app_trace.o(.revsh_text), (4 bytes).
    Removing simple_uart.o(.rev16_text), (4 bytes).
    Removing simple_uart.o(.revsh_text), (4 bytes).
    Removing nrf6350.o(.rev16_text), (4 bytes).
    Removing nrf6350.o(.revsh_text), (4 bytes).
    Removing nrf6350.o(.emb_text), (30 bytes).
    Removing nrf6350.o(.text), (844 bytes).
    Removing nrf6350.o(.bss), (32 bytes).
    Removing nrf6350.o(.data), (18 bytes).
    Removing twi_hw_master.o(.rev16_text), (4 bytes).
    Removing twi_hw_master.o(.revsh_text), (4 bytes).
    Removing twi_hw_master.o(.emb_text), (30 bytes).
    Removing twi_hw_master.o(.text), (816 bytes).
    Removing pstorage.o(.rev16_text), (4 bytes).
    Removing pstorage.o(.revsh_text), (4 bytes).
    Removing app_button.o(.rev16_text), (4 bytes).
    Removing app_button.o(.revsh_text), (4 bytes).
    Removing app_button.o(.text), (684 bytes).
    Removing app_button.o(.data), (32 bytes).
    Removing app_gpiote.o(.rev16_text), (4 bytes).
    Removing app_gpiote.o(.revsh_text), (4 bytes).
    Removing app_timer.o(.rev16_text), (4 bytes).
    Removing app_timer.o(.revsh_text), (4 bytes).
    Removing softdevice_handler.o(.rev16_text), (4 bytes).
    Removing softdevice_handler.o(.revsh_text), (4 bytes).
    Removing dadd.o(.text), (356 bytes).
    Removing dmul.o(.text), (208 bytes).
    Removing ddiv.o(.text), (240 bytes).
    Removing dfixul.o(.text), (64 bytes).
    Removing cdrcmple.o(.text), (40 bytes).
    Removing depilogue.o(.text), (190 bytes).
    Removing depilogue.o(i.__ARM_clz), (46 bytes).

44 unused section(s) (total 6000 bytes) removed from the image.

==============================================================================

Image Symbol Table

    Local Symbols

    Symbol Name                              Value     Ov Type        Size  Object(Section)

    ../clib/../cmprslib/zerorunl.c           0x00000000   Number         0  __dczerorl.o ABSOLUTE
    ../clib/microlib/division.c              0x00000000   Number         0  uidiv.o ABSOLUTE
    ../clib/microlib/division.c              0x00000000   Number         0  idiv.o ABSOLUTE
    ../clib/microlib/division.c              0x00000000   Number         0  uldiv.o ABSOLUTE
    ../clib/microlib/init/entry.s            0x00000000   Number         0  entry7b.o ABSOLUTE
    ../clib/microlib/init/entry.s            0x00000000   Number         0  entry7a.o ABSOLUTE
    ../clib/microlib/init/entry.s            0x00000000   Number         0  entry11b.o ABSOLUTE
    ../clib/microlib/init/entry.s            0x00000000   Number         0  entry5.o ABSOLUTE
    ../clib/microlib/init/entry.s            0x00000000   Number         0  entry11a.o ABSOLUTE
    ../clib/microlib/init/entry.s            0x00000000   Number         0  entry9b.o ABSOLUTE
    ../clib/microlib/init/entry.s            0x00000000   Number         0  entry10a.o ABSOLUTE
    ../clib/microlib/init/entry.s            0x00000000   Number         0  entry2.o ABSOLUTE
    ../clib/microlib/init/entry.s            0x00000000   Number         0  entry.o ABSOLUTE
    ../clib/microlib/init/entry.s            0x00000000   Number         0  entry10b.o ABSOLUTE
    ../clib/microlib/init/entry.s            0x00000000   Number         0  entry9a.o ABSOLUTE
    ../clib/microlib/init/entry.s            0x00000000   Number         0  entry8b.o ABSOLUTE
    ../clib/microlib/init/entry.s            0x00000000   Number         0  entry8a.o ABSOLUTE
    ../clib/microlib/longlong.c              0x00000000   Number         0  llushr.o ABSOLUTE
    ../clib/microlib/longlong.c              0x00000000   Number         0  llshl.o ABSOLUTE
    ../clib/microlib/longlong.c              0x00000000   Number         0  llsshr.o ABSOLUTE
    ../clib/microlib/printf/printf.c         0x00000000   Number         0  printf7.o ABSOLUTE
    ../clib/microlib/printf/printf.c         0x00000000   Number         0  printf8.o ABSOLUTE
    ../clib/microlib/printf/printf.c         0x00000000   Number         0  printfa.o ABSOLUTE
    ../clib/microlib/printf/printf.c         0x00000000   Number         0  printf5.o ABSOLUTE
    ../clib/microlib/printf/printf.c         0x00000000   Number         0  printf1.o ABSOLUTE
    ../clib/microlib/printf/printf.c         0x00000000   Number         0  printf3.o ABSOLUTE
    ../clib/microlib/printf/printf.c         0x00000000   Number         0  printf4.o ABSOLUTE
    ../clib/microlib/printf/printf.c         0x00000000   Number         0  printf6.o ABSOLUTE
    ../clib/microlib/printf/printf.c         0x00000000   Number         0  printf2.o ABSOLUTE
    ../clib/microlib/printf/printf.c         0x00000000   Number         0  printfb.o ABSOLUTE
    ../clib/microlib/printf/printf.c         0x00000000   Number         0  printf0.o ABSOLUTE
    ../clib/microlib/printf/stubs.s          0x00000000   Number         0  stubs.o ABSOLUTE
    ../clib/microlib/string/memcmp.c         0x00000000   Number         0  memcmp.o ABSOLUTE
    ../clib/microlib/string/memcpy.c         0x00000000   Number         0  memmovea.o ABSOLUTE
    ../clib/microlib/string/memcpy.c         0x00000000   Number         0  memcpyb.o ABSOLUTE
    ../clib/microlib/string/memcpy.c         0x00000000   Number         0  memmoveb.o ABSOLUTE
    ../clib/microlib/string/memcpy.c         0x00000000   Number         0  memcpya.o ABSOLUTE
    ../clib/microlib/string/memset.c         0x00000000   Number         0  memseta.o ABSOLUTE
    ../clib/microlib/string/strlen.c         0x00000000   Number         0  strlen.o ABSOLUTE
    ../clib/microlib/string/strncpy.c        0x00000000   Number         0  strncpy.o ABSOLUTE
    ../clib/microlib/stubs.s                 0x00000000   Number         0  iusefp.o ABSOLUTE
    ../fplib/microlib/fpadd.c                0x00000000   Number         0  dadd.o ABSOLUTE
    ../fplib/microlib/fpdiv.c                0x00000000   Number         0  ddiv.o ABSOLUTE
    ../fplib/microlib/fpepilogue.c           0x00000000   Number         0  depilogue.o ABSOLUTE
    ../fplib/microlib/fpfix.c                0x00000000   Number         0  dfixul.o ABSOLUTE
    ../fplib/microlib/fpmul.c                0x00000000   Number         0  dmul.o ABSOLUTE
    ..\..\..\..\..\Source\app_common\app_button.c 0x00000000   Number         0  app_button.o ABSOLUTE
    ..\..\..\..\..\Source\app_common\app_gpiote.c 0x00000000   Number         0  app_gpiote.o ABSOLUTE
    ..\..\..\..\..\Source\app_common\app_timer.c 0x00000000   Number         0  app_timer.o ABSOLUTE
    ..\..\..\..\..\Source\app_common\app_trace.c 0x00000000   Number         0  app_trace.o ABSOLUTE
    ..\..\..\..\..\Source\app_common\pstorage.c 0x00000000   Number         0  pstorage.o ABSOLUTE
    ..\..\..\..\..\Source\ble\ble_advdata.c  0x00000000   Number         0  ble_advdata.o ABSOLUTE
    ..\..\..\..\..\Source\ble\ble_debug_assert_handler.c 0x00000000   Number         0  ble_debug_assert_handler.o ABSOLUTE
    ..\..\..\..\..\Source\ble\ble_sensorsim.c 0x00000000   Number         0  ble_sensorsim.o ABSOLUTE
    ..\..\..\..\..\Source\ble\ble_services\ble_srv_common.c 0x00000000   Number         0  ble_srv_common.o ABSOLUTE
    ..\..\..\..\..\Source\ext_sensors\nRF6350\nRF6350.c 0x00000000   Number         0  nrf6350.o ABSOLUTE
    ..\..\..\..\..\Source\sd_common\softdevice_handler.c 0x00000000   Number         0  softdevice_handler.o ABSOLUTE
    ..\..\..\..\..\Source\simple_uart\simple_uart.c 0x00000000   Number         0  simple_uart.o ABSOLUTE
    ..\..\..\..\..\Source\twi_master\twi_hw_master.c 0x00000000   Number         0  twi_hw_master.o ABSOLUTE
    ..\Source_s130\ble\ble_conn_params.c     0x00000000   Number         0  ble_conn_params.o ABSOLUTE
    ..\Source_s130\ble\ble_db_discovery.c    0x00000000   Number         0  ble_db_discovery.o ABSOLUTE
    ..\Source_s130\ble\ble_services\ble_bas.c 0x00000000   Number         0  ble_bas.o ABSOLUTE
    ..\Source_s130\ble\ble_services\ble_bas_c.c 0x00000000   Number         0  ble_bas_c.o ABSOLUTE
    ..\Source_s130\ble\ble_services\ble_dis.c 0x00000000   Number         0  ble_dis.o ABSOLUTE
    ..\Source_s130\ble\ble_services\ble_hrs.c 0x00000000   Number         0  ble_hrs.o ABSOLUTE
    ..\Source_s130\ble\ble_services\ble_hrs_c.c 0x00000000   Number         0  ble_hrs_c.o ABSOLUTE
    ..\Source_s130\ble\device_manager\device_manager_central.c 0x00000000   Number         0  device_manager_central.o ABSOLUTE
    ..\\..\\..\\..\\..\\Source\\app_common\\app_button.c 0x00000000   Number         0  app_button.o ABSOLUTE
    ..\\..\\..\\..\\..\\Source\\app_common\\app_gpiote.c 0x00000000   Number         0  app_gpiote.o ABSOLUTE
    ..\\..\\..\\..\\..\\Source\\app_common\\app_timer.c 0x00000000   Number         0  app_timer.o ABSOLUTE
    ..\\..\\..\\..\\..\\Source\\app_common\\app_trace.c 0x00000000   Number         0  app_trace.o ABSOLUTE
    ..\\..\\..\\..\\..\\Source\\app_common\\pstorage.c 0x00000000   Number         0  pstorage.o ABSOLUTE
    ..\\..\\..\\..\\..\\Source\\ble\\ble_debug_assert_handler.c 0x00000000   Number         0  ble_debug_assert_handler.o ABSOLUTE
    ..\\..\\..\\..\\..\\Source\\ext_sensors\\nRF6350\\nRF6350.c 0x00000000   Number         0  nrf6350.o ABSOLUTE
    ..\\..\\..\\..\\..\\Source\\sd_common\\softdevice_handler.c 0x00000000   Number         0  softdevice_handler.o ABSOLUTE
    ..\\..\\..\\..\\..\\Source\\simple_uart\\simple_uart.c 0x00000000   Number         0  simple_uart.o ABSOLUTE
    ..\\..\\..\\..\\..\\Source\\twi_master\\twi_hw_master.c 0x00000000   Number         0  twi_hw_master.o ABSOLUTE
    ..\\main.c                               0x00000000   Number         0  main.o ABSOLUTE
    ..\main.c                                0x00000000   Number         0  main.o ABSOLUTE
    RTE\Device\nRF51822_xxAA\arm_startup_nrf51.s 0x00000000   Number         0  arm_startup_nrf51.o ABSOLUTE
    RTE\Device\nRF51822_xxAA\system_nrf51.c  0x00000000   Number         0  system_nrf51.o ABSOLUTE
    RTE\\Device\\nRF51822_xxAA\\system_nrf51.c 0x00000000   Number         0  system_nrf51.o ABSOLUTE
    cdrcmple.s                               0x00000000   Number         0  cdrcmple.o ABSOLUTE
    dc.s                                     0x00000000   Number         0  dc.o ABSOLUTE
    handlers.s                               0x00000000   Number         0  handlers.o ABSOLUTE
    init.s                                   0x00000000   Number         0  init.o ABSOLUTE
    RESET                                    0x0001c000   Section      192  arm_startup_nrf51.o(RESET)
    .ARM.Collect$$$$00000000                 0x0001c0c0   Section        0  entry.o(.ARM.Collect$$$$00000000)
    .ARM.Collect$$$$00000001                 0x0001c0c0   Section        4  entry2.o(.ARM.Collect$$$$00000001)
    .ARM.Collect$$$$00000004                 0x0001c0c4   Section        4  entry5.o(.ARM.Collect$$$$00000004)
    .ARM.Collect$$$$00000008                 0x0001c0c8   Section        0  entry7b.o(.ARM.Collect$$$$00000008)
    .ARM.Collect$$$$0000000A                 0x0001c0c8   Section        0  entry8b.o(.ARM.Collect$$$$0000000A)
    .ARM.Collect$$$$0000000B                 0x0001c0c8   Section        8  entry9a.o(.ARM.Collect$$$$0000000B)
    .ARM.Collect$$$$0000000D                 0x0001c0d0   Section        0  entry10a.o(.ARM.Collect$$$$0000000D)
    .ARM.Collect$$$$0000000F                 0x0001c0d0   Section        0  entry11a.o(.ARM.Collect$$$$0000000F)
    .ARM.Collect$$$$00002712                 0x0001c0d0   Section        4  entry2.o(.ARM.Collect$$$$00002712)
    __lit__00000000                          0x0001c0d0   Data           4  entry2.o(.ARM.Collect$$$$00002712)
    .emb_text                                0x0001c0d4   Section       30  simple_uart.o(.emb_text)
    .emb_text                                0x0001c0f4   Section       30  app_timer.o(.emb_text)
    .text                                    0x0001c114   Section       56  arm_startup_nrf51.o(.text)
    .text                                    0x0001c14c   Section        0  system_nrf51.o(.text)
    is_disabled_in_debug_needed              0x0001c155   Thumb Code    52  system_nrf51.o(.text)
    is_manual_peripheral_setup_needed        0x0001c189   Thumb Code   104  system_nrf51.o(.text)
    .text                                    0x0001c234   Section        0  main.o(.text)
    scan_start                               0x0001c26b   Thumb Code   286  main.o(.text)
    device_manager_event_handler             0x0001c389   Thumb Code   522  main.o(.text)
    adv_report_parse                         0x0001c593   Thumb Code    52  main.o(.text)
    peripheral_advertising_start             0x0001c5c7   Thumb Code   978  main.o(.text)
    on_ble_evt                               0x0001c999   Thumb Code   466  main.o(.text)
    on_sys_evt                               0x0001cb6b   Thumb Code    42  main.o(.text)
    ble_evt_dispatch                         0x0001cb95   Thumb Code    74  main.o(.text)
    sys_evt_dispatch                         0x0001cbdf   Thumb Code    18  main.o(.text)
    ble_stack_init                           0x0001cbf1   Thumb Code   116  main.o(.text)
    device_manager_init                      0x0001cc65   Thumb Code   226  main.o(.text)
    leds_init                                0x0001cd47   Thumb Code    34  main.o(.text)
    buttons_init                             0x0001cd69   Thumb Code    32  main.o(.text)
    power_manage                             0x0001cd8b   Thumb Code    34  main.o(.text)
    hrs_c_evt_handler                        0x0001cdad   Thumb Code   488  main.o(.text)
    bas_c_evt_handler                        0x0001cf95   Thumb Code   214  main.o(.text)
    hrs_c_init                               0x0001d06b   Thumb Code    44  main.o(.text)
    bas_c_init                               0x0001d097   Thumb Code    44  main.o(.text)
    db_discovery_init                        0x0001d0c3   Thumb Code    36  main.o(.text)
    battery_level_update                     0x0001d0e7   Thumb Code    14  main.o(.text)
    battery_level_meas_timeout_handler       0x0001d0f5   Thumb Code    10  main.o(.text)
    heart_rate_meas_timeout_handler          0x0001d0ff   Thumb Code    50  main.o(.text)
    rr_interval_timeout_handler              0x0001d131   Thumb Code    34  main.o(.text)
    sensor_contact_detected_timeout_handler  0x0001d153   Thumb Code    28  main.o(.text)
    peripheral_timers_init                   0x0001d16f   Thumb Code   200  main.o(.text)
    peripheral_gap_params_init               0x0001d237   Thumb Code   554  main.o(.text)
    peripheral_advertising_init              0x0001d461   Thumb Code   112  main.o(.text)
    peripheral_services_init                 0x0001d4d1   Thumb Code   502  main.o(.text)
    peripheral_sensor_sim_init               0x0001d6c7   Thumb Code    78  main.o(.text)
    conn_params_error_handler                0x0001d715   Thumb Code    22  main.o(.text)
    peripheral_on_conn_params_evt            0x0001d72b   Thumb Code    48  main.o(.text)
    peripheral_conn_params_init              0x0001d75b   Thumb Code    88  main.o(.text)
    peripheral_sec_params_init               0x0001d7b3   Thumb Code    62  main.o(.text)
    peripheral_application_timers_start      0x0001d7f1   Thumb Code   272  main.o(.text)
    nrf_gpio_cfg_output                      0x0001d99d   Thumb Code    18  main.o(.text)
    nrf_gpio_pin_set                         0x0001d9af   Thumb Code    10  main.o(.text)
    nrf_gpio_pin_clear                       0x0001d9b9   Thumb Code    10  main.o(.text)
    .text                                    0x0001d9dc   Section        0  ble_hrs_c.o(.text)
    tx_buffer_process                        0x0001d9dd   Thumb Code   140  ble_hrs_c.o(.text)
    on_write_rsp                             0x0001da69   Thumb Code    12  ble_hrs_c.o(.text)
    on_hvx                                   0x0001da75   Thumb Code    84  ble_hrs_c.o(.text)
    db_discover_evt_handler                  0x0001dac9   Thumb Code   134  ble_hrs_c.o(.text)
    cccd_configure                           0x0001dbdb   Thumb Code    98  ble_hrs_c.o(.text)
    .text                                    0x0001dcdc   Section        0  ble_bas_c.o(.text)
    tx_buffer_process                        0x0001dcdd   Thumb Code   140  ble_bas_c.o(.text)
    on_write_rsp                             0x0001dd69   Thumb Code    12  ble_bas_c.o(.text)
    on_read_rsp                              0x0001dd75   Thumb Code    44  ble_bas_c.o(.text)
    on_hvx                                   0x0001dda1   Thumb Code    36  ble_bas_c.o(.text)
    db_discovery_evt_handler                 0x0001ddc5   Thumb Code   142  ble_bas_c.o(.text)
    cccd_configure                           0x0001de53   Thumb Code    98  ble_bas_c.o(.text)
    on_peer_central_write                    0x0001deff   Thumb Code    50  ble_bas_c.o(.text)
    .text                                    0x0001e0ac   Section        0  ble_bas.o(.text)
    on_connect                               0x0001e0ad   Thumb Code     6  ble_bas.o(.text)
    on_disconnect                            0x0001e0b3   Thumb Code     8  ble_bas.o(.text)
    on_write                                 0x0001e0bb   Thumb Code    80  ble_bas.o(.text)
    battery_level_char_add                   0x0001e155   Thumb Code   472  ble_bas.o(.text)
    .text                                    0x0001e3e0   Section        0  ble_dis.o(.text)
    sys_id_encode                            0x0001e3e1   Thumb Code   160  ble_dis.o(.text)
    pnp_id_encode                            0x0001e481   Thumb Code   152  ble_dis.o(.text)
    char_add                                 0x0001e519   Thumb Code   232  ble_dis.o(.text)
    uint16_encode                            0x0001e783   Thumb Code    18  ble_dis.o(.text)
    .text                                    0x0001e7f0   Section        0  ble_hrs.o(.text)
    on_connect                               0x0001e7f1   Thumb Code     6  ble_hrs.o(.text)
    on_disconnect                            0x0001e7f7   Thumb Code     8  ble_hrs.o(.text)
    on_hrm_cccd_write                        0x0001e7ff   Thumb Code    62  ble_hrs.o(.text)
    on_write                                 0x0001e83d   Thumb Code    26  ble_hrs.o(.text)
    on_peer_peripheral_hvx                   0x0001e857   Thumb Code    60  ble_hrs.o(.text)
    hrm_encode                               0x0001e8eb   Thumb Code   186  ble_hrs.o(.text)
    heart_rate_measurement_char_add          0x0001e9a5   Thumb Code   234  ble_hrs.o(.text)
    body_sensor_location_char_add            0x0001ea8f   Thumb Code   168  ble_hrs.o(.text)
    uint16_encode                            0x0001ec7b   Thumb Code    18  ble_hrs.o(.text)
    .text                                    0x0001ec90   Section        0  app_trace.o(.text)
    .text                                    0x0001ece8   Section        0  simple_uart.o(.text)
    nrf_gpio_cfg_output                      0x0001edcf   Thumb Code    18  simple_uart.o(.text)
    nrf_gpio_cfg_input                       0x0001ede1   Thumb Code    20  simple_uart.o(.text)
    .text                                    0x0001ee04   Section        0  ble_db_discovery.o(.text)
    registered_handler_get                   0x0001ee05   Thumb Code    56  ble_db_discovery.o(.text)
    registered_handler_set                   0x0001ee3d   Thumb Code    58  ble_db_discovery.o(.text)
    pending_user_evts_send                   0x0001ee77   Thumb Code    42  ble_db_discovery.o(.text)
    discovery_error_evt_trigger              0x0001eea1   Thumb Code   124  ble_db_discovery.o(.text)
    discovery_complete_evt_trigger           0x0001ef1d   Thumb Code   152  ble_db_discovery.o(.text)
    on_srv_disc_completion                   0x0001efb5   Thumb Code   130  ble_db_discovery.o(.text)
    is_char_discovery_reqd                   0x0001f037   Thumb Code    30  ble_db_discovery.o(.text)
    is_desc_discovery_reqd                   0x0001f055   Thumb Code    84  ble_db_discovery.o(.text)
    characteristics_discover                 0x0001f0a9   Thumb Code    80  ble_db_discovery.o(.text)
    descriptors_discover                     0x0001f0f9   Thumb Code   178  ble_db_discovery.o(.text)
    on_primary_srv_discovery_rsp             0x0001f1ab   Thumb Code   114  ble_db_discovery.o(.text)
    on_characteristic_discovery_rsp          0x0001f21d   Thumb Code   290  ble_db_discovery.o(.text)
    on_descriptor_discovery_rsp              0x0001f33f   Thumb Code   192  ble_db_discovery.o(.text)
    .text                                    0x0001f594   Section        0  pstorage.o(.text)
    cmd_queue_element_init                   0x0001f595   Thumb Code    56  pstorage.o(.text)
    cmd_queue_init                           0x0001f5cd   Thumb Code    40  pstorage.o(.text)
    swap_state_process                       0x0001f5f5   Thumb Code   578  pstorage.o(.text)
    cmd_process                              0x0001f837   Thumb Code   382  pstorage.o(.text)
    cmd_queue_enqueue                        0x0001f9b5   Thumb Code   138  pstorage.o(.text)
    cmd_queue_dequeue                        0x0001fa3f   Thumb Code    32  pstorage.o(.text)
    app_notify                               0x0001fa5f   Thumb Code   100  pstorage.o(.text)
    is_word_aligned                          0x00020233   Thumb Code    18  pstorage.o(.text)
    .text                                    0x00020250   Section        0  device_manager_central.o(.text)
    connection_instance_init                 0x00020251   Thumb Code    50  device_manager_central.o(.text)
    peer_instance_init                       0x00020283   Thumb Code    76  device_manager_central.o(.text)
    connection_instance_find                 0x000202cf   Thumb Code    64  device_manager_central.o(.text)
    device_instance_free                     0x0002030f   Thumb Code    44  device_manager_central.o(.text)
    device_instance_find                     0x0002033b   Thumb Code    54  device_manager_central.o(.text)
    storage_operation_dummy_handler          0x00020371   Thumb Code     8  device_manager_central.o(.text)
    device_context_store                     0x00020379   Thumb Code   172  device_manager_central.o(.text)
    gatts_context_store                      0x00020425   Thumb Code   178  device_manager_central.o(.text)
    gattc_context_store                      0x000204d7   Thumb Code     6  device_manager_central.o(.text)
    gatts_context_load                       0x000204dd   Thumb Code    64  device_manager_central.o(.text)
    gattc_context_load                       0x0002051d   Thumb Code     6  device_manager_central.o(.text)
    gatts_context_apply                      0x00020523   Thumb Code   116  device_manager_central.o(.text)
    gattc_context_apply                      0x00020597   Thumb Code     6  device_manager_central.o(.text)
    dm_pstorage_cb_handler                   0x00020633   Thumb Code   596  device_manager_central.o(.text)
    update_status_bit_reset                  0x00021a91   Thumb Code    16  device_manager_central.o(.text)
    device_instance_allocate                 0x00021aa1   Thumb Code   118  device_manager_central.o(.text)
    app_evt_notify                           0x00021b17   Thumb Code    22  device_manager_central.o(.text)
    no_service_context_store                 0x00021b2d   Thumb Code     6  device_manager_central.o(.text)
    gattsc_context_store                     0x00021b33   Thumb Code    30  device_manager_central.o(.text)
    no_service_context_load                  0x00021b51   Thumb Code     6  device_manager_central.o(.text)
    gattsc_context_load                      0x00021b57   Thumb Code    70  device_manager_central.o(.text)
    no_service_context_apply                 0x00021b9d   Thumb Code     6  device_manager_central.o(.text)
    gattsc_context_apply                     0x00021ba3   Thumb Code    26  device_manager_central.o(.text)
    .text                                    0x00021bbc   Section        0  app_gpiote.o(.text)
    sense_level_toggle                       0x00021bbd   Thumb Code   128  app_gpiote.o(.text)
    pins_sense_disable                       0x00021cdb   Thumb Code    98  app_gpiote.o(.text)
    NVIC_SetPriority                         0x00021f93   Thumb Code   110  app_gpiote.o(.text)
    .text                                    0x00022028   Section        0  app_timer.o(.text)
    NVIC_SetPriority                         0x00022029   Thumb Code   110  app_timer.o(.text)
    rtc1_init                                0x00022097   Thumb Code    18  app_timer.o(.text)
    rtc1_start                               0x000220a9   Thumb Code    48  app_timer.o(.text)
    rtc1_stop                                0x000220d9   Thumb Code    68  app_timer.o(.text)
    timer_list_insert                        0x0002211d   Thumb Code   212  app_timer.o(.text)
    timer_list_remove                        0x000221f1   Thumb Code   170  app_timer.o(.text)
    timer_timeouts_check_sched               0x0002229b   Thumb Code    10  app_timer.o(.text)
    timer_list_handler_sched                 0x000222a5   Thumb Code    10  app_timer.o(.text)
    timeout_handler_exec                     0x000222af   Thumb Code    60  app_timer.o(.text)
    timer_timeouts_check                     0x000222eb   Thumb Code   132  app_timer.o(.text)
    elapsed_ticks_acquire                    0x0002236f   Thumb Code    82  app_timer.o(.text)
    list_deletions_handler                   0x000223c1   Thumb Code   284  app_timer.o(.text)
    expired_timers_handler                   0x000224dd   Thumb Code   100  app_timer.o(.text)
    list_insertions_handler                  0x00022541   Thumb Code   264  app_timer.o(.text)
    compare_reg_update                       0x00022649   Thumb Code   124  app_timer.o(.text)
    timer_list_handler                       0x000226c5   Thumb Code    70  app_timer.o(.text)
    user_op_enque                            0x0002270b   Thumb Code     4  app_timer.o(.text)
    user_op_alloc                            0x0002270f   Thumb Code    44  app_timer.o(.text)
    timer_start_op_schedule                  0x0002273b   Thumb Code    80  app_timer.o(.text)
    timer_stop_op_schedule                   0x0002278b   Thumb Code    58  app_timer.o(.text)
    timer_stop_all_op_schedule               0x000227c5   Thumb Code    58  app_timer.o(.text)
    user_id_get                              0x0002298f   Thumb Code    34  app_timer.o(.text)
    NVIC_EnableIRQ                           0x00022a8d   Thumb Code    14  app_timer.o(.text)
    NVIC_SetPendingIRQ                       0x00022a9b   Thumb Code    14  app_timer.o(.text)
    NVIC_ClearPendingIRQ                     0x00022aa9   Thumb Code    16  app_timer.o(.text)
    current_int_priority_get                 0x00022ab9   Thumb Code    84  app_timer.o(.text)
    rtc1_counter_get                         0x00022b0d   Thumb Code     6  app_timer.o(.text)
    ticks_diff_get                           0x00022b13   Thumb Code    10  app_timer.o(.text)
    .text                                    0x00022b4c   Section        0  softdevice_handler.o(.text)
    .text                                    0x00022d20   Section        0  ble_advdata.o(.text)
    name_encode                              0x00022d21   Thumb Code   150  ble_advdata.o(.text)
    appearance_encode                        0x00022db7   Thumb Code    74  ble_advdata.o(.text)
    uint8_array_encode                       0x00022e01   Thumb Code    82  ble_advdata.o(.text)
    tx_power_level_encode                    0x00022e53   Thumb Code    48  ble_advdata.o(.text)
    uuid_list_sized_encode                   0x00022e83   Thumb Code   196  ble_advdata.o(.text)
    uuid_list_encode                         0x00022f47   Thumb Code    64  ble_advdata.o(.text)
    conn_int_check                           0x00022f87   Thumb Code    88  ble_advdata.o(.text)
    conn_int_encode                          0x00022fdf   Thumb Code    92  ble_advdata.o(.text)
    manuf_specific_data_encode               0x0002303b   Thumb Code   106  ble_advdata.o(.text)
    service_data_encode                      0x000230a5   Thumb Code   140  ble_advdata.o(.text)
    adv_data_encode                          0x00023131   Thumb Code   302  ble_advdata.o(.text)
    advdata_check                            0x0002325f   Thumb Code    34  ble_advdata.o(.text)
    srdata_check                             0x00023281   Thumb Code    16  ble_advdata.o(.text)
    uint16_encode                            0x0002330b   Thumb Code    18  ble_advdata.o(.text)
    .text                                    0x00023320   Section        0  ble_conn_params.o(.text)
    is_conn_params_ok                        0x00023321   Thumb Code    30  ble_conn_params.o(.text)
    update_timeout_handler                   0x0002333f   Thumb Code   136  ble_conn_params.o(.text)
    conn_params_negotiation                  0x0002342d   Thumb Code   126  ble_conn_params.o(.text)
    on_connect                               0x000234ab   Thumb Code    42  ble_conn_params.o(.text)
    on_disconnect                            0x000234d5   Thumb Code    50  ble_conn_params.o(.text)
    on_write                                 0x00023507   Thumb Code    84  ble_conn_params.o(.text)
    on_conn_params_update                    0x0002355b   Thumb Code    20  ble_conn_params.o(.text)
    .text                                    0x00023638   Section        0  ble_srv_common.o(.text)
    .text                                    0x000236c0   Section        0  ble_sensorsim.o(.text)
    .text                                    0x00023724   Section        0  uidiv.o(.text)
    .text                                    0x00023750   Section        0  idiv.o(.text)
    .text                                    0x00023778   Section        0  memmovea.o(.text)
    .text                                    0x000237b8   Section        0  memseta.o(.text)
    .text                                    0x000237dc   Section        0  strlen.o(.text)
    .text                                    0x000237ea   Section        0  memcmp.o(.text)
    .text                                    0x00023804   Section        0  uldiv.o(.text)
    .text                                    0x00023864   Section       36  init.o(.text)
    .text                                    0x00023888   Section        0  llshl.o(.text)
    .text                                    0x000238a8   Section        0  llushr.o(.text)
    .text                                    0x000238ca   Section        0  __dczerorl.o(.text)
    i.__0printf$8                            0x00023904   Section        0  printf8.o(i.__0printf$8)
    i.__0sprintf$8                           0x00023924   Section        0  printf8.o(i.__0sprintf$8)
    i.__ARM_common_switch8                   0x0002394c   Section        0  pstorage.o(i.__ARM_common_switch8)
    i.__scatterload_copy                     0x00023968   Section       14  handlers.o(i.__scatterload_copy)
    i.__scatterload_null                     0x00023976   Section        2  handlers.o(i.__scatterload_null)
    i.__scatterload_zeroinit                 0x00023978   Section       14  handlers.o(i.__scatterload_zeroinit)
    i._printf_core                           0x00023988   Section        0  printf8.o(i._printf_core)
    _printf_core                             0x00023989   Thumb Code  1020  printf8.o(i._printf_core)
    i._printf_post_padding                   0x00023db0   Section        0  printf8.o(i._printf_post_padding)
    _printf_post_padding                     0x00023db1   Thumb Code    32  printf8.o(i._printf_post_padding)
    i._printf_pre_padding                    0x00023dd0   Section        0  printf8.o(i._printf_pre_padding)
    _printf_pre_padding                      0x00023dd1   Thumb Code    44  printf8.o(i._printf_pre_padding)
    i._sputc                                 0x00023dfc   Section        0  printf8.o(i._sputc)
    _sputc                                   0x00023dfd   Thumb Code    10  printf8.o(i._sputc)
    .constdata                               0x00023e08   Section       20  main.o(.constdata)
    m_connection_param                       0x00023e08   Data           8  main.o(.constdata)
    .constdata                               0x00023e1c   Section       52  device_manager_central.o(.constdata)
    .conststring                             0x00023e50   Section       65  main.o(.conststring)
    .conststring                             0x00023e94   Section      162  ble_hrs_c.o(.conststring)
    .conststring                             0x00023f38   Section      162  ble_bas_c.o(.conststring)
    .conststring                             0x00023fdc   Section      263  ble_db_discovery.o(.conststring)
    .data                                    0x20002800   Section        4  system_nrf51.o(.data)
    __tagsym$$used                           0x20002800   Number         0  system_nrf51.o(.data)
    .data                                    0x20002804   Section       65  main.o(.data)
    m_peripheral_conn_handle                 0x20002804   Data           2  main.o(.data)
    m_peripheral_sec_params                  0x20002806   Data           5  main.o(.data)
    m_peripheral_rr_interval_enabled         0x2000280b   Data           1  main.o(.data)
    m_peripheral_battery_sim_state           0x2000280c   Data           8  main.o(.data)
    m_peripheral_heart_rate_sim_state        0x20002814   Data           8  main.o(.data)
    m_peripheral_rr_interval_sim_state       0x2000281c   Data           8  main.o(.data)
    m_peripheral_battery_timer_id            0x20002824   Data           4  main.o(.data)
    m_peripheral_heart_rate_timer_id         0x20002828   Data           4  main.o(.data)
    m_peripheral_rr_interval_timer_id        0x2000282c   Data           4  main.o(.data)
    m_peripheral_sensor_contact_timer_id     0x20002830   Data           4  main.o(.data)
    m_peripheral_start_advertising           0x20002834   Data           1  main.o(.data)
    m_central_is_scanning                    0x20002835   Data           1  main.o(.data)
    m_dm_app_id                              0x20002836   Data           1  main.o(.data)
    m_dm_device_handle                       0x20002837   Data           4  main.o(.data)
    m_peer_count                             0x2000283b   Data           1  main.o(.data)
    m_scan_mode                              0x2000283c   Data           1  main.o(.data)
    m_memory_access_in_progress              0x2000283d   Data           1  main.o(.data)
    cnt                                      0x20002840   Data           4  main.o(.data)
    sensor_contact_detected                  0x20002844   Data           1  main.o(.data)
    .data                                    0x20002848   Section       12  ble_hrs_c.o(.data)
    mp_ble_hrs_c                             0x20002848   Data           4  ble_hrs_c.o(.data)
    m_tx_insert_index                        0x2000284c   Data           4  ble_hrs_c.o(.data)
    m_tx_index                               0x20002850   Data           4  ble_hrs_c.o(.data)
    .data                                    0x20002854   Section       12  ble_bas_c.o(.data)
    mp_ble_bas_c                             0x20002854   Data           4  ble_bas_c.o(.data)
    m_tx_insert_index                        0x20002858   Data           4  ble_bas_c.o(.data)
    m_tx_index                               0x2000285c   Data           4  ble_bas_c.o(.data)
    .data                                    0x20002860   Section       74  ble_dis.o(.data)
    service_handle                           0x20002860   Data           2  ble_dis.o(.data)
    manufact_name_handles                    0x20002862   Data           8  ble_dis.o(.data)
    model_num_handles                        0x2000286a   Data           8  ble_dis.o(.data)
    serial_num_handles                       0x20002872   Data           8  ble_dis.o(.data)
    hw_rev_handles                           0x2000287a   Data           8  ble_dis.o(.data)
    fw_rev_handles                           0x20002882   Data           8  ble_dis.o(.data)
    sw_rev_handles                           0x2000288a   Data           8  ble_dis.o(.data)
    sys_id_handles                           0x20002892   Data           8  ble_dis.o(.data)
    reg_cert_data_list_handles               0x2000289a   Data           8  ble_dis.o(.data)
    pnp_id_handles                           0x200028a2   Data           8  ble_dis.o(.data)
    .data                                    0x200028ac   Section        8  app_trace.o(.data)
    .data                                    0x200028b4   Section       13  ble_db_discovery.o(.data)
    m_pending_usr_evt_index                  0x200028b4   Data           4  ble_db_discovery.o(.data)
    m_num_of_handlers_reg                    0x200028b8   Data           4  ble_db_discovery.o(.data)
    m_num_of_discoveries_made                0x200028bc   Data           4  ble_db_discovery.o(.data)
    m_initialized                            0x200028c0   Data           1  ble_db_discovery.o(.data)
    .data                                    0x200028c4   Section       12  pstorage.o(.data)
    m_next_app_instance                      0x200028c4   Data           2  pstorage.o(.data)
    m_next_page_addr                         0x200028c8   Data           4  pstorage.o(.data)
    m_round_val                              0x200028cc   Data           2  pstorage.o(.data)
    m_module_initialized                     0x200028ce   Data           1  pstorage.o(.data)
    m_swap_state                             0x200028cf   Data           1  pstorage.o(.data)
    .data                                    0x200028d0   Section       13  device_manager_central.o(.data)
    m_storage_handle                         0x200028d0   Data           8  device_manager_central.o(.data)
    m_peer_addr_update                       0x200028d8   Data           4  device_manager_central.o(.data)
    m_module_initialized                     0x200028dc   Data           1  device_manager_central.o(.data)
    .data                                    0x200028e0   Section       12  app_gpiote.o(.data)
    m_enabled_users_mask                     0x200028e0   Data           4  app_gpiote.o(.data)
    m_user_array_size                        0x200028e4   Data           1  app_gpiote.o(.data)
    m_user_count                             0x200028e5   Data           1  app_gpiote.o(.data)
    mp_users                                 0x200028e8   Data           4  app_gpiote.o(.data)
    .data                                    0x200028ec   Section       41  app_timer.o(.data)
    m_node_array_size                        0x200028ec   Data           1  app_timer.o(.data)
    mp_nodes                                 0x200028f0   Data           4  app_timer.o(.data)
    m_user_array_size                        0x200028f4   Data           1  app_timer.o(.data)
    mp_users                                 0x200028f8   Data           4  app_timer.o(.data)
    m_timer_id_head                          0x200028fc   Data           4  app_timer.o(.data)
    m_ticks_latest                           0x20002900   Data           4  app_timer.o(.data)
    m_ticks_elapsed                          0x20002904   Data           8  app_timer.o(.data)
    m_ticks_elapsed_q_read_ind               0x2000290c   Data           1  app_timer.o(.data)
    m_ticks_elapsed_q_write_ind              0x2000290d   Data           1  app_timer.o(.data)
    m_evt_schedule_func                      0x20002910   Data           4  app_timer.o(.data)
    m_rtc1_running                           0x20002914   Data           1  app_timer.o(.data)
    .data                                    0x20002918   Section       20  softdevice_handler.o(.data)
    m_evt_schedule_func                      0x20002918   Data           4  softdevice_handler.o(.data)
    m_evt_buffer                             0x2000291c   Data           4  softdevice_handler.o(.data)
    m_ble_evt_buffer_size                    0x20002920   Data           2  softdevice_handler.o(.data)
    m_softdevice_enabled                     0x20002922   Data           1  softdevice_handler.o(.data)
    m_ble_evt_handler                        0x20002924   Data           4  softdevice_handler.o(.data)
    m_sys_evt_handler                        0x20002928   Data           4  softdevice_handler.o(.data)
    .data                                    0x2000292c   Section       25  ble_conn_params.o(.data)
    m_preferred_conn_params                  0x2000292c   Data           8  ble_conn_params.o(.data)
    m_update_count                           0x20002934   Data           1  ble_conn_params.o(.data)
    m_conn_handle                            0x20002936   Data           2  ble_conn_params.o(.data)
    m_current_conn_params                    0x20002938   Data           8  ble_conn_params.o(.data)
    m_conn_params_timer_id                   0x20002940   Data           4  ble_conn_params.o(.data)
    m_change_param                           0x20002944   Data           1  ble_conn_params.o(.data)
    .bss                                     0x20002948   Section     1040  main.o(.bss)
    m_peripheral_adv_params                  0x20002948   Data          20  main.o(.bss)
    m_peripheral_bas                         0x2000295c   Data          24  main.o(.bss)
    m_peripheral_hrs                         0x20002974   Data          80  main.o(.bss)
    m_peripheral_battery_sim_cfg             0x200029c4   Data          16  main.o(.bss)
    m_peripheral_heart_rate_sim_cfg          0x200029d4   Data          16  main.o(.bss)
    m_peripheral_rr_interval_sim_cfg         0x200029e4   Data          16  main.o(.bss)
    m_ble_db_discovery                       0x200029f4   Data          98  main.o(.bss)
    m_ble_hrs_c                              0x20002a58   Data          12  main.o(.bss)
    m_ble_bas_c                              0x20002a64   Data          12  main.o(.bss)
    m_scan_param                             0x20002a70   Data          16  main.o(.bss)
    EVT_BUFFER                               0x20002a80   Data          72  main.o(.bss)
    APP_TIMER_BUF                            0x20002ac8   Data         656  main.o(.bss)
    .bss                                     0x20002d58   Section      160  ble_hrs_c.o(.bss)
    m_tx_buffer                              0x20002d58   Data         160  ble_hrs_c.o(.bss)
    .bss                                     0x20002df8   Section      160  ble_bas_c.o(.bss)
    m_tx_buffer                              0x20002df8   Data         160  ble_bas_c.o(.bss)
    .bss                                     0x20002e98   Section      128  ble_db_discovery.o(.bss)
    m_registered_handlers                    0x20002e98   Data          16  ble_db_discovery.o(.bss)
    m_pending_user_evts                      0x20002ea8   Data         112  ble_db_discovery.o(.bss)
    .bss                                     0x20002f18   Section      220  pstorage.o(.bss)
    m_cmd_queue                              0x20002f18   Data         204  pstorage.o(.bss)
    m_app_table                              0x20002fe4   Data          16  pstorage.o(.bss)
    .bss                                     0x20002ff4   Section      283  device_manager_central.o(.bss)
    m_app_context_table                      0x20002ff4   Data          28  device_manager_central.o(.bss)
    m_peer_table                             0x20003010   Data         168  device_manager_central.o(.bss)
    m_bond_table                             0x200030b8   Data          28  device_manager_central.o(.bss)
    m_gatts_table                            0x200030d4   Data          12  device_manager_central.o(.bss)
    m_connection_table                       0x200030e0   Data          12  device_manager_central.o(.bss)
    m_application_table                      0x200030ec   Data          12  device_manager_central.o(.bss)
    m_local_id_info                          0x200030f8   Data          23  device_manager_central.o(.bss)
    .bss                                     0x20003110   Section       28  ble_conn_params.o(.bss)
    m_conn_params_config                     0x20003110   Data          28  ble_conn_params.o(.bss)
    STACK                                    0x20003130   Section     2048  arm_startup_nrf51.o(STACK)

    Global Symbols

    Symbol Name                              Value     Ov Type        Size  Object(Section)

    BuildAttributes$$THM_ISAv3M$S$PE$A:L22$X:L11$S22$IEEE1$IW$USESV6$~STKCKD$USESV7$~SHL$OSPACE$ROPI$EBA8$MICROLIB$REQ8$PRES8$EABIv2 0x00000000   Number         0  anon$$obj.o ABSOLUTE
    __ARM_use_no_argv                        0x00000000   Number         0  main.o ABSOLUTE
    _printf_a                                0x00000000   Number         0  stubs.o ABSOLUTE
    _printf_c                                0x00000000   Number         0  stubs.o ABSOLUTE
    _printf_charcount                        0x00000000   Number         0  stubs.o ABSOLUTE
    _printf_d                                0x00000000   Number         0  stubs.o ABSOLUTE
    _printf_e                                0x00000000   Number         0  stubs.o ABSOLUTE
    _printf_f                                0x00000000   Number         0  stubs.o ABSOLUTE
    _printf_flags                            0x00000000   Number         0  stubs.o ABSOLUTE
    _printf_fp_dec                           0x00000000   Number         0  stubs.o ABSOLUTE
    _printf_fp_hex                           0x00000000   Number         0  stubs.o ABSOLUTE
    _printf_g                                0x00000000   Number         0  stubs.o ABSOLUTE
    _printf_i                                0x00000000   Number         0  stubs.o ABSOLUTE
    _printf_int_dec                          0x00000000   Number         0  stubs.o ABSOLUTE
    _printf_l                                0x00000000   Number         0  stubs.o ABSOLUTE
    _printf_lc                               0x00000000   Number         0  stubs.o ABSOLUTE
    _printf_ll                               0x00000000   Number         0  stubs.o ABSOLUTE
    _printf_lld                              0x00000000   Number         0  stubs.o ABSOLUTE
    _printf_lli                              0x00000000   Number         0  stubs.o ABSOLUTE
    _printf_llo                              0x00000000   Number         0  stubs.o ABSOLUTE
    _printf_llu                              0x00000000   Number         0  stubs.o ABSOLUTE
    _printf_llx                              0x00000000   Number         0  stubs.o ABSOLUTE
    _printf_longlong_dec                     0x00000000   Number         0  stubs.o ABSOLUTE
    _printf_longlong_hex                     0x00000000   Number         0  stubs.o ABSOLUTE
    _printf_longlong_oct                     0x00000000   Number         0  stubs.o ABSOLUTE
    _printf_ls                               0x00000000   Number         0  stubs.o ABSOLUTE
    _printf_mbtowc                           0x00000000   Number         0  stubs.o ABSOLUTE
    _printf_n                                0x00000000   Number         0  stubs.o ABSOLUTE
    _printf_o                                0x00000000   Number         0  stubs.o ABSOLUTE
    _printf_p                                0x00000000   Number         0  stubs.o ABSOLUTE
    _printf_percent                          0x00000000   Number         0  stubs.o ABSOLUTE
    _printf_pre_padding                      0x00000000   Number         0  stubs.o ABSOLUTE
    _printf_return_value                     0x00000000   Number         0  stubs.o ABSOLUTE
    _printf_s                                0x00000000   Number         0  stubs.o ABSOLUTE
    _printf_sizespec                         0x00000000   Number         0  stubs.o ABSOLUTE
    _printf_str                              0x00000000   Number         0  stubs.o ABSOLUTE
    _printf_truncate_signed                  0x00000000   Number         0  stubs.o ABSOLUTE
    _printf_truncate_unsigned                0x00000000   Number         0  stubs.o ABSOLUTE
    _printf_u                                0x00000000   Number         0  stubs.o ABSOLUTE
    _printf_wc                               0x00000000   Number         0  stubs.o ABSOLUTE
    _printf_wctomb                           0x00000000   Number         0  stubs.o ABSOLUTE
    _printf_widthprec                        0x00000000   Number         0  stubs.o ABSOLUTE
    _printf_x                                0x00000000   Number         0  stubs.o ABSOLUTE
    __cpp_initialize__aeabi_                  - Undefined Weak Reference
    __cxa_finalize                            - Undefined Weak Reference
    _clock_init                               - Undefined Weak Reference
    _microlib_exit                            - Undefined Weak Reference
    __Vectors_Size                           0x000000c0   Number         0  arm_startup_nrf51.o ABSOLUTE
    __Vectors                                0x0001c000   Data           4  arm_startup_nrf51.o(RESET)
    __Vectors_End                            0x0001c0c0   Data           0  arm_startup_nrf51.o(RESET)
    __main                                   0x0001c0c1   Thumb Code     0  entry.o(.ARM.Collect$$$$00000000)
    _main_stk                                0x0001c0c1   Thumb Code     0  entry2.o(.ARM.Collect$$$$00000001)
    _main_scatterload                        0x0001c0c5   Thumb Code     0  entry5.o(.ARM.Collect$$$$00000004)
    __main_after_scatterload                 0x0001c0c9   Thumb Code     0  entry5.o(.ARM.Collect$$$$00000004)
    _main_clock                              0x0001c0c9   Thumb Code     0  entry7b.o(.ARM.Collect$$$$00000008)
    _main_cpp_init                           0x0001c0c9   Thumb Code     0  entry8b.o(.ARM.Collect$$$$0000000A)
    _main_init                               0x0001c0c9   Thumb Code     0  entry9a.o(.ARM.Collect$$$$0000000B)
    __rt_final_cpp                           0x0001c0d1   Thumb Code     0  entry10a.o(.ARM.Collect$$$$0000000D)
    __rt_final_exit                          0x0001c0d1   Thumb Code     0  entry11a.o(.ARM.Collect$$$$0000000F)
    __asm___13_simple_uart_c_5dda6715__nrf_delay_us 0x0001c0d5   Thumb Code    30  simple_uart.o(.emb_text)
    __asm___11_app_timer_c_cd27f9c3__nrf_delay_us 0x0001c0f5   Thumb Code    30  app_timer.o(.emb_text)
    Reset_Handler                            0x0001c115   Thumb Code    26  arm_startup_nrf51.o(.text)
    NMI_Handler                              0x0001c12f   Thumb Code     2  arm_startup_nrf51.o(.text)
    HardFault_Handler                        0x0001c131   Thumb Code     2  arm_startup_nrf51.o(.text)
    SVC_Handler                              0x0001c133   Thumb Code     2  arm_startup_nrf51.o(.text)
    PendSV_Handler                           0x0001c135   Thumb Code     2  arm_startup_nrf51.o(.text)
    SysTick_Handler                          0x0001c137   Thumb Code     2  arm_startup_nrf51.o(.text)
    ADC_IRQHandler                           0x0001c139   Thumb Code     0  arm_startup_nrf51.o(.text)
    CCM_AAR_IRQHandler                       0x0001c139   Thumb Code     0  arm_startup_nrf51.o(.text)
    ECB_IRQHandler                           0x0001c139   Thumb Code     0  arm_startup_nrf51.o(.text)
    LPCOMP_IRQHandler                        0x0001c139   Thumb Code     0  arm_startup_nrf51.o(.text)
    POWER_CLOCK_IRQHandler                   0x0001c139   Thumb Code     0  arm_startup_nrf51.o(.text)
    QDEC_IRQHandler                          0x0001c139   Thumb Code     0  arm_startup_nrf51.o(.text)
    RADIO_IRQHandler                         0x0001c139   Thumb Code     0  arm_startup_nrf51.o(.text)
    RNG_IRQHandler                           0x0001c139   Thumb Code     0  arm_startup_nrf51.o(.text)
    RTC0_IRQHandler                          0x0001c139   Thumb Code     0  arm_startup_nrf51.o(.text)
    SPI0_TWI0_IRQHandler                     0x0001c139   Thumb Code     0  arm_startup_nrf51.o(.text)
    SPI1_TWI1_IRQHandler                     0x0001c139   Thumb Code     0  arm_startup_nrf51.o(.text)
    SWI1_IRQHandler                          0x0001c139   Thumb Code     0  arm_startup_nrf51.o(.text)
    SWI3_IRQHandler                          0x0001c139   Thumb Code     0  arm_startup_nrf51.o(.text)
    SWI4_IRQHandler                          0x0001c139   Thumb Code     0  arm_startup_nrf51.o(.text)
    SWI5_IRQHandler                          0x0001c139   Thumb Code     0  arm_startup_nrf51.o(.text)
    TEMP_IRQHandler                          0x0001c139   Thumb Code     0  arm_startup_nrf51.o(.text)
    TIMER0_IRQHandler                        0x0001c139   Thumb Code     0  arm_startup_nrf51.o(.text)
    TIMER1_IRQHandler                        0x0001c139   Thumb Code     0  arm_startup_nrf51.o(.text)
    TIMER2_IRQHandler                        0x0001c139   Thumb Code     0  arm_startup_nrf51.o(.text)
    UART0_IRQHandler                         0x0001c139   Thumb Code     0  arm_startup_nrf51.o(.text)
    WDT_IRQHandler                           0x0001c139   Thumb Code     0  arm_startup_nrf51.o(.text)
    SystemCoreClockUpdate                    0x0001c14d   Thumb Code     8  system_nrf51.o(.text)
    SystemInit                               0x0001c1f1   Thumb Code    38  system_nrf51.o(.text)
    app_error_handler                        0x0001c235   Thumb Code    36  main.o(.text)
    assert_nrf_callback                      0x0001c259   Thumb Code    18  main.o(.text)
    nrf6350_init                             0x0001cd89   Thumb Code     2  main.o(.text)
    main                                     0x0001d901   Thumb Code   156  main.o(.text)
    ble_hrs_c_init                           0x0001db4f   Thumb Code    68  ble_hrs_c.o(.text)
    ble_hrs_c_on_ble_evt                     0x0001db93   Thumb Code    72  ble_hrs_c.o(.text)
    ble_hrs_c_hrm_notif_enable               0x0001dc3d   Thumb Code    24  ble_hrs_c.o(.text)
    ble_bas_c_init                           0x0001deb5   Thumb Code    74  ble_bas_c.o(.text)
    ble_bas_c_on_ble_evt                     0x0001df31   Thumb Code   104  ble_bas_c.o(.text)
    ble_bas_c_bl_notif_enable                0x0001df99   Thumb Code    24  ble_bas_c.o(.text)
    ble_bas_c_bl_read                        0x0001dfb1   Thumb Code    58  ble_bas_c.o(.text)
    ble_bas_on_ble_evt                       0x0001e10b   Thumb Code    74  ble_bas.o(.text)
    ble_bas_init                             0x0001e32d   Thumb Code    66  ble_bas.o(.text)
    ble_bas_battery_level_update             0x0001e36f   Thumb Code    98  ble_bas.o(.text)
    ble_dis_init                             0x0001e601   Thumb Code   386  ble_dis.o(.text)
    ble_hrs_on_ble_evt                       0x0001e893   Thumb Code    88  ble_hrs.o(.text)
    ble_hrs_init                             0x0001eb37   Thumb Code   108  ble_hrs.o(.text)
    ble_hrs_heart_rate_measurement_send      0x0001eba3   Thumb Code    94  ble_hrs.o(.text)
    ble_hrs_rr_interval_add                  0x0001ec01   Thumb Code    72  ble_hrs.o(.text)
    ble_hrs_rr_interval_buffer_is_full       0x0001ec49   Thumb Code    18  ble_hrs.o(.text)
    ble_hrs_sensor_contact_supported_set     0x0001ec5b   Thumb Code    20  ble_hrs.o(.text)
    ble_hrs_sensor_contact_detected_update   0x0001ec6f   Thumb Code     6  ble_hrs.o(.text)
    ble_hrs_body_sensor_location_set         0x0001ec75   Thumb Code     6  ble_hrs.o(.text)
    app_trace_init                           0x0001ec91   Thumb Code    20  app_trace.o(.text)
    fputc                                    0x0001eca5   Thumb Code    16  app_trace.o(.text)
    app_trace_dump                           0x0001ecb5   Thumb Code    38  app_trace.o(.text)
    simple_uart_get                          0x0001ece9   Thumb Code    24  simple_uart.o(.text)
    simple_uart_get_with_timeout             0x0001ed01   Thumb Code    62  simple_uart.o(.text)
    simple_uart_put                          0x0001ed3f   Thumb Code    22  simple_uart.o(.text)
    simple_uart_putstring                    0x0001ed55   Thumb Code    32  simple_uart.o(.text)
    simple_uart_config                       0x0001ed75   Thumb Code    90  simple_uart.o(.text)
    ble_db_discovery_init                    0x0001f3ff   Thumb Code    24  ble_db_discovery.o(.text)
    ble_db_discovery_close                   0x0001f417   Thumb Code    20  ble_db_discovery.o(.text)
    ble_db_discovery_evt_register            0x0001f42b   Thumb Code    52  ble_db_discovery.o(.text)
    ble_db_discovery_start                   0x0001f45f   Thumb Code   140  ble_db_discovery.o(.text)
    ble_db_discovery_on_ble_evt              0x0001f4eb   Thumb Code   134  ble_db_discovery.o(.text)
    pstorage_sys_event_handler               0x0001fac3   Thumb Code   326  pstorage.o(.text)
    pstorage_init                            0x0001fc09   Thumb Code   196  pstorage.o(.text)
    pstorage_register                        0x0001fccd   Thumb Code   396  pstorage.o(.text)
    pstorage_block_identifier_get            0x0001fe59   Thumb Code   136  pstorage.o(.text)
    pstorage_store                           0x0001fee1   Thumb Code   202  pstorage.o(.text)
    pstorage_update                          0x0001ffab   Thumb Code   202  pstorage.o(.text)
    pstorage_load                            0x00020075   Thumb Code   226  pstorage.o(.text)
    pstorage_clear                           0x00020157   Thumb Code   184  pstorage.o(.text)
    pstorage_access_status_get               0x0002020f   Thumb Code    36  pstorage.o(.text)
    initiate_security_request                0x0002059d   Thumb Code   124  device_manager_central.o(.text)
    dm_handle_initialize                     0x00020619   Thumb Code    26  device_manager_central.o(.text)
    dm_init                                  0x00020887   Thumb Code   226  device_manager_central.o(.text)
    dm_register                              0x00020969   Thumb Code    98  device_manager_central.o(.text)
    dm_security_setup_req                    0x000209cb   Thumb Code   448  device_manager_central.o(.text)
    dm_security_status_req                   0x00020b8b   Thumb Code   178  device_manager_central.o(.text)
    dm_whitelist_create                      0x00020c3d   Thumb Code   256  device_manager_central.o(.text)
    dm_device_add                            0x00020d3d   Thumb Code     8  device_manager_central.o(.text)
    dm_device_delete                         0x00020d45   Thumb Code   102  device_manager_central.o(.text)
    dm_device_delete_all                     0x00020dab   Thumb Code    96  device_manager_central.o(.text)
    dm_service_context_set                   0x00020e0b   Thumb Code   248  device_manager_central.o(.text)
    dm_service_context_get                   0x00020f03   Thumb Code   204  device_manager_central.o(.text)
    dm_service_context_delete                0x00020fcf   Thumb Code    94  device_manager_central.o(.text)
    dm_application_context_set               0x0002102d   Thumb Code   218  device_manager_central.o(.text)
    dm_application_context_get               0x00021107   Thumb Code   204  device_manager_central.o(.text)
    dm_application_context_delete            0x000211d3   Thumb Code   158  device_manager_central.o(.text)
    dm_application_instance_set              0x00021271   Thumb Code    74  device_manager_central.o(.text)
    dm_peer_addr_set                         0x000212bb   Thumb Code   222  device_manager_central.o(.text)
    dm_peer_addr_get                         0x00021399   Thumb Code   180  device_manager_central.o(.text)
    dm_distributed_keys_get                  0x0002144d   Thumb Code   206  device_manager_central.o(.text)
    dm_ble_evt_handler                       0x0002151b   Thumb Code  1398  device_manager_central.o(.text)
    GPIOTE_IRQHandler                        0x00021c3d   Thumb Code   158  app_gpiote.o(.text)
    app_gpiote_init                          0x00021d3d   Thumb Code   116  app_gpiote.o(.text)
    app_gpiote_user_register                 0x00021db1   Thumb Code   138  app_gpiote.o(.text)
    app_gpiote_user_enable                   0x00021e3b   Thumb Code   226  app_gpiote.o(.text)
    app_gpiote_user_disable                  0x00021f1d   Thumb Code    66  app_gpiote.o(.text)
    app_gpiote_pins_state_get                0x00021f5f   Thumb Code    52  app_gpiote.o(.text)
    RTC1_IRQHandler                          0x000227ff   Thumb Code    34  app_timer.o(.text)
    SWI0_IRQHandler                          0x00022821   Thumb Code     8  app_timer.o(.text)
    app_timer_init                           0x00022829   Thumb Code   250  app_timer.o(.text)
    app_timer_create                         0x00022923   Thumb Code   108  app_timer.o(.text)
    app_timer_start                          0x000229b1   Thumb Code    98  app_timer.o(.text)
    app_timer_stop                           0x00022a13   Thumb Code    60  app_timer.o(.text)
    app_timer_stop_all                       0x00022a4f   Thumb Code    26  app_timer.o(.text)
    app_timer_cnt_get                        0x00022a69   Thumb Code    14  app_timer.o(.text)
    app_timer_cnt_diff_compute               0x00022a77   Thumb Code    22  app_timer.o(.text)
    softdevice_assertion_handler             0x00022b4d   Thumb Code    18  softdevice_handler.o(.text)
    intern_softdevice_events_execute         0x00022b5f   Thumb Code   168  softdevice_handler.o(.text)
    softdevice_handler_init                  0x00022c07   Thumb Code    84  softdevice_handler.o(.text)
    softdevice_handler_sd_disable            0x00022c5b   Thumb Code    24  softdevice_handler.o(.text)
    softdevice_ble_evt_handler_set           0x00022c73   Thumb Code    18  softdevice_handler.o(.text)
    softdevice_sys_evt_handler_set           0x00022c85   Thumb Code    18  softdevice_handler.o(.text)
    SWI2_IRQHandler                          0x00022c97   Thumb Code    52  softdevice_handler.o(.text)
    ble_advdata_set                          0x00023291   Thumb Code   122  ble_advdata.o(.text)
    ble_conn_params_init                     0x000233c7   Thumb Code    90  ble_conn_params.o(.text)
    ble_conn_params_stop                     0x00023421   Thumb Code    12  ble_conn_params.o(.text)
    ble_conn_params_on_ble_evt               0x0002356f   Thumb Code    78  ble_conn_params.o(.text)
    ble_conn_params_change_conn_params       0x000235bd   Thumb Code    86  ble_conn_params.o(.text)
    ble_srv_report_ref_encode                0x00023639   Thumb Code    60  ble_srv_common.o(.text)
    ble_srv_ascii_to_utf8                    0x00023675   Thumb Code    18  ble_srv_common.o(.text)
    ble_sensorsim_init                       0x000236c1   Thumb Code    26  ble_sensorsim.o(.text)
    ble_sensorsim_measure                    0x000236db   Thumb Code    74  ble_sensorsim.o(.text)
    __aeabi_uidiv                            0x00023725   Thumb Code     0  uidiv.o(.text)
    __aeabi_uidivmod                         0x00023725   Thumb Code    44  uidiv.o(.text)
    __aeabi_idiv                             0x00023751   Thumb Code     0  idiv.o(.text)
    __aeabi_idivmod                          0x00023751   Thumb Code    40  idiv.o(.text)
    ___aeabi_memcpy8$move                    0x00023779   Thumb Code     0  memmovea.o(.text)
    __aeabi_memcpy                           0x00023779   Thumb Code    64  memmovea.o(.text)
    __aeabi_memcpy4                          0x00023779   Thumb Code     0  memmovea.o(.text)
    __aeabi_memmove                          0x00023779   Thumb Code     0  memmovea.o(.text)
    __aeabi_memmove4                         0x00023779   Thumb Code     0  memmovea.o(.text)
    __aeabi_memmove8                         0x00023779   Thumb Code     0  memmovea.o(.text)
    __aeabi_memset                           0x000237b9   Thumb Code    14  memseta.o(.text)
    __aeabi_memset4                          0x000237b9   Thumb Code     0  memseta.o(.text)
    __aeabi_memset8                          0x000237b9   Thumb Code     0  memseta.o(.text)
    __aeabi_memclr                           0x000237c7   Thumb Code     4  memseta.o(.text)
    __aeabi_memclr4                          0x000237c7   Thumb Code     0  memseta.o(.text)
    __aeabi_memclr8                          0x000237c7   Thumb Code     0  memseta.o(.text)
    _memset$wrapper                          0x000237cb   Thumb Code    18  memseta.o(.text)
    strlen                                   0x000237dd   Thumb Code    14  strlen.o(.text)
    memcmp                                   0x000237eb   Thumb Code    26  memcmp.o(.text)
    __aeabi_uldivmod                         0x00023805   Thumb Code    96  uldiv.o(.text)
    __scatterload                            0x00023865   Thumb Code    28  init.o(.text)
    __scatterload_rt2                        0x00023865   Thumb Code     0  init.o(.text)
    __aeabi_llsl                             0x00023889   Thumb Code    32  llshl.o(.text)
    _ll_shift_l                              0x00023889   Thumb Code     0  llshl.o(.text)
    __aeabi_llsr                             0x000238a9   Thumb Code    34  llushr.o(.text)
    _ll_ushift_r                             0x000238a9   Thumb Code     0  llushr.o(.text)
    __decompress                             0x000238cb   Thumb Code     0  __dczerorl.o(.text)
    __decompress0                            0x000238cb   Thumb Code    58  __dczerorl.o(.text)
    __0printf$8                              0x00023905   Thumb Code    24  printf8.o(i.__0printf$8)
    __1printf$8                              0x00023905   Thumb Code     0  printf8.o(i.__0printf$8)
    __2printf                                0x00023905   Thumb Code     0  printf8.o(i.__0printf$8)
    __0sprintf$8                             0x00023925   Thumb Code    36  printf8.o(i.__0sprintf$8)
    __1sprintf$8                             0x00023925   Thumb Code     0  printf8.o(i.__0sprintf$8)
    __2sprintf                               0x00023925   Thumb Code     0  printf8.o(i.__0sprintf$8)
    __ARM_common_switch8                     0x0002394d   Thumb Code    28  pstorage.o(i.__ARM_common_switch8)
    __scatterload_copy                       0x00023969   Thumb Code    14  handlers.o(i.__scatterload_copy)
    __scatterload_null                       0x00023977   Thumb Code     2  handlers.o(i.__scatterload_null)
    __scatterload_zeroinit                   0x00023979   Thumb Code    14  handlers.o(i.__scatterload_zeroinit)
    m_service_context_store                  0x00023e1c   Data          16  device_manager_central.o(.constdata)
    m_service_context_load                   0x00023e2c   Data          16  device_manager_central.o(.constdata)
    m_service_context_apply                  0x00023e3c   Data          16  device_manager_central.o(.constdata)
    m_context_init_len                       0x00023e4c   Data           4  device_manager_central.o(.constdata)
    Region$$Table$$Base                      0x000240e4   Number         0  anon$$obj.o(Region$$Table)
    Region$$Table$$Limit                     0x00024104   Number         0  anon$$obj.o(Region$$Table)
    SystemCoreClock                          0x20002800   Data           4  system_nrf51.o(.data)
    __stdout                                 0x200028ac   Data           4  app_trace.o(.data)
    __stdin                                  0x200028b0   Data           4  app_trace.o(.data)
    __initial_sp                             0x20003930   Data           0  arm_startup_nrf51.o(STACK)



==============================================================================

Memory Map of the image

  Image Entry point : 0x0001c0c1

  Load Region LR_IROM1 (Base: 0x0001c000, Size: 0x0000824c, Max: 0x00024000, ABSOLUTE, COMPRESSED[0x00008110])

    Execution Region ER_IROM1 (Base: 0x0001c000, Size: 0x00008104, Max: 0x00024000, ABSOLUTE)

    Base Addr    Size         Type   Attr      Idx    E Section Name        Object

    0x0001c000   0x000000c0   Data   RO            3    RESET               arm_startup_nrf51.o
    0x0001c0c0   0x00000000   Code   RO          949  * .ARM.Collect$$$$00000000  mc_p.l(entry.o)
    0x0001c0c0   0x00000004   Code   RO         1233    .ARM.Collect$$$$00000001  mc_p.l(entry2.o)
    0x0001c0c4   0x00000004   Code   RO         1236    .ARM.Collect$$$$00000004  mc_p.l(entry5.o)
    0x0001c0c8   0x00000000   Code   RO         1238    .ARM.Collect$$$$00000008  mc_p.l(entry7b.o)
    0x0001c0c8   0x00000000   Code   RO         1240    .ARM.Collect$$$$0000000A  mc_p.l(entry8b.o)
    0x0001c0c8   0x00000008   Code   RO         1241    .ARM.Collect$$$$0000000B  mc_p.l(entry9a.o)
    0x0001c0d0   0x00000000   Code   RO         1243    .ARM.Collect$$$$0000000D  mc_p.l(entry10a.o)
    0x0001c0d0   0x00000000   Code   RO         1245    .ARM.Collect$$$$0000000F  mc_p.l(entry11a.o)
    0x0001c0d0   0x00000004   Code   RO         1234    .ARM.Collect$$$$00002712  mc_p.l(entry2.o)
    0x0001c0d4   0x0000001e   Code   RO          519    .emb_text           simple_uart.o
    0x0001c0f2   0x00000002   PAD
    0x0001c0f4   0x0000001e   Code   RO          783    .emb_text           app_timer.o
    0x0001c112   0x00000002   PAD
    0x0001c114   0x00000038   Code   RO            4    .text               arm_startup_nrf51.o
    0x0001c14c   0x000000e8   Code   RO           12    .text               system_nrf51.o
    0x0001c234   0x000017a8   Code   RO           70    .text               main.o
    0x0001d9dc   0x00000300   Code   RO          266    .text               ble_hrs_c.o
    0x0001dcdc   0x000003d0   Code   RO          321    .text               ble_bas_c.o
    0x0001e0ac   0x00000334   Code   RO          343    .text               ble_bas.o
    0x0001e3e0   0x00000410   Code   RO          364    .text               ble_dis.o
    0x0001e7f0   0x000004a0   Code   RO          420    .text               ble_hrs.o
    0x0001ec90   0x00000058   Code   RO          471    .text               app_trace.o
    0x0001ece8   0x0000011c   Code   RO          520    .text               simple_uart.o
    0x0001ee04   0x00000790   Code   RO          547    .text               ble_db_discovery.o
    0x0001f594   0x00000cbc   Code   RO          645    .text               pstorage.o
    0x00020250   0x0000196c   Code   RO          680    .text               device_manager_central.o
    0x00021bbc   0x0000046c   Code   RO          755    .text               app_gpiote.o
    0x00022028   0x00000b24   Code   RO          784    .text               app_timer.o
    0x00022b4c   0x000001d4   Code   RO          827    .text               softdevice_handler.o
    0x00022d20   0x00000600   Code   RO          883    .text               ble_advdata.o
    0x00023320   0x00000318   Code   RO          901    .text               ble_conn_params.o
    0x00023638   0x00000088   Code   RO          922    .text               ble_srv_common.o
    0x000236c0   0x00000064   Code   RO          934    .text               ble_sensorsim.o
    0x00023724   0x0000002c   Code   RO          952    .text               mc_p.l(uidiv.o)
    0x00023750   0x00000028   Code   RO          954    .text               mc_p.l(idiv.o)
    0x00023778   0x00000040   Code   RO          958    .text               mc_p.l(memmovea.o)
    0x000237b8   0x00000024   Code   RO          960    .text               mc_p.l(memseta.o)
    0x000237dc   0x0000000e   Code   RO          964    .text               mc_p.l(strlen.o)
    0x000237ea   0x0000001a   Code   RO          966    .text               mc_p.l(memcmp.o)
    0x00023804   0x00000060   Code   RO         1247    .text               mc_p.l(uldiv.o)
    0x00023864   0x00000024   Code   RO         1260    .text               mc_p.l(init.o)
    0x00023888   0x00000020   Code   RO         1262    .text               mc_p.l(llshl.o)
    0x000238a8   0x00000022   Code   RO         1264    .text               mc_p.l(llushr.o)
    0x000238ca   0x0000003a   Code   RO         1280    .text               mc_p.l(__dczerorl.o)
    0x00023904   0x00000020   Code   RO         1179    i.__0printf$8       mc_p.l(printf8.o)
    0x00023924   0x00000028   Code   RO         1181    i.__0sprintf$8      mc_p.l(printf8.o)
    0x0002394c   0x0000001c   Code   RO          663    i.__ARM_common_switch8  pstorage.o
    0x00023968   0x0000000e   Code   RO         1274    i.__scatterload_copy  mc_p.l(handlers.o)
    0x00023976   0x00000002   Code   RO         1275    i.__scatterload_null  mc_p.l(handlers.o)
    0x00023978   0x0000000e   Code   RO         1276    i.__scatterload_zeroinit  mc_p.l(handlers.o)
    0x00023986   0x00000002   PAD
    0x00023988   0x00000428   Code   RO         1186    i._printf_core      mc_p.l(printf8.o)
    0x00023db0   0x00000020   Code   RO         1187    i._printf_post_padding  mc_p.l(printf8.o)
    0x00023dd0   0x0000002c   Code   RO         1188    i._printf_pre_padding  mc_p.l(printf8.o)
    0x00023dfc   0x0000000a   Code   RO         1190    i._sputc            mc_p.l(printf8.o)
    0x00023e06   0x00000002   PAD
    0x00023e08   0x00000014   Data   RO           72    .constdata          main.o
    0x00023e1c   0x00000034   Data   RO          682    .constdata          device_manager_central.o
    0x00023e50   0x00000041   Data   RO           73    .conststring        main.o
    0x00023e91   0x00000003   PAD
    0x00023e94   0x000000a2   Data   RO          268    .conststring        ble_hrs_c.o
    0x00023f36   0x00000002   PAD
    0x00023f38   0x000000a2   Data   RO          323    .conststring        ble_bas_c.o
    0x00023fda   0x00000002   PAD
    0x00023fdc   0x00000107   Data   RO          549    .conststring        ble_db_discovery.o
    0x000240e3   0x00000001   PAD
    0x000240e4   0x00000020   Data   RO         1272    Region$$Table       anon$$obj.o


    Execution Region RW_IRAM1 (Base: 0x20002800, Size: 0x00001130, Max: 0x00001800, ABSOLUTE, COMPRESSED[0x0000000c])

    Base Addr    Size         Type   Attr      Idx    E Section Name        Object

    0x20002800   0x00000004   Data   RW           13    .data               system_nrf51.o
    0x20002804   0x00000041   Data   RW           74    .data               main.o
    0x20002845   0x00000003   PAD
    0x20002848   0x0000000c   Data   RW          269    .data               ble_hrs_c.o
    0x20002854   0x0000000c   Data   RW          324    .data               ble_bas_c.o
    0x20002860   0x0000004a   Data   RW          365    .data               ble_dis.o
    0x200028aa   0x00000002   PAD
    0x200028ac   0x00000008   Data   RW          472    .data               app_trace.o
    0x200028b4   0x0000000d   Data   RW          550    .data               ble_db_discovery.o
    0x200028c1   0x00000003   PAD
    0x200028c4   0x0000000c   Data   RW          647    .data               pstorage.o
    0x200028d0   0x0000000d   Data   RW          683    .data               device_manager_central.o
    0x200028dd   0x00000003   PAD
    0x200028e0   0x0000000c   Data   RW          756    .data               app_gpiote.o
    0x200028ec   0x00000029   Data   RW          785    .data               app_timer.o
    0x20002915   0x00000003   PAD
    0x20002918   0x00000014   Data   RW          828    .data               softdevice_handler.o
    0x2000292c   0x00000019   Data   RW          903    .data               ble_conn_params.o
    0x20002945   0x00000003   PAD
    0x20002948   0x00000410   Zero   RW           71    .bss                main.o
    0x20002d58   0x000000a0   Zero   RW          267    .bss                ble_hrs_c.o
    0x20002df8   0x000000a0   Zero   RW          322    .bss                ble_bas_c.o
    0x20002e98   0x00000080   Zero   RW          548    .bss                ble_db_discovery.o
    0x20002f18   0x000000dc   Zero   RW          646    .bss                pstorage.o
    0x20002ff4   0x0000011b   Zero   RW          681    .bss                device_manager_central.o
    0x2000310f   0x00000001   PAD
    0x20003110   0x0000001c   Zero   RW          902    .bss                ble_conn_params.o
    0x2000312c   0x00000004   PAD
    0x20003130   0x00000800   Zero   RW            1    STACK               arm_startup_nrf51.o


==============================================================================

Image component sizes


      Code (inc. data)   RO Data    RW Data    ZI Data      Debug   Object Name

         0          0          0          0          0       1964   app_button.o
      1132         40          0         12          0      11722   app_gpiote.o
      2882        202          0         41          0      24965   app_timer.o
        88         14          0          8          0       3580   app_trace.o
        56         18        192          0       2048        704   arm_startup_nrf51.o
      1536          4          0          0          0       8574   ble_advdata.o
       820         16          0          0          0      10015   ble_bas.o
       976        194        162         12        160       5682   ble_bas_c.o
       792         38          0         25         28       5554   ble_conn_params.o
      1936         62        263         13        128       8692   ble_db_discovery.o
      1040         92          0         74          0      29155   ble_dis.o
      1184         16          0          0          0       9706   ble_hrs.o
       768        136        162         12        160      34617   ble_hrs_c.o
       100          0          0          0          0       1815   ble_sensorsim.o
       136         58          0          0          0       1602   ble_srv_common.o
      6508        348         52         13        283      27071   device_manager_central.o
      6056       1762         85         65       1040      70134   main.o
      3288         94          0         12        220      12330   pstorage.o
       314         16          0          0          0       4968   simple_uart.o
       468         86          0         20          0      35556   softdevice_handler.o
       232         30          0          4          0      21665   system_nrf51.o

    ----------------------------------------------------------------------
     30316       3226        956        328       4072     330071   Object Totals
         0          0         32          0          0          0   (incl. Generated)
         4          0          8         17          5          0   (incl. Padding)

    ----------------------------------------------------------------------

      Code (inc. data)   RO Data    RW Data    ZI Data      Debug   Library Member Name

        58          0          0          0          0          0   __dczerorl.o
         0          0          0          0          0          0   entry.o
         0          0          0          0          0          0   entry10a.o
         0          0          0          0          0          0   entry11a.o
         8          4          0          0          0          0   entry2.o
         4          0          0          0          0          0   entry5.o
         0          0          0          0          0          0   entry7b.o
         0          0          0          0          0          0   entry8b.o
         8          4          0          0          0          0   entry9a.o
        30          0          0          0          0          0   handlers.o
        40          0          0          0          0         72   idiv.o
        36          8          0          0          0         68   init.o
        32          0          0          0          0         68   llshl.o
        34          0          0          0          0         68   llushr.o
        26          0          0          0          0         72   memcmp.o
        64          0          0          0          0         68   memmovea.o
        36          0          0          0          0        100   memseta.o
      1222         56          0          0          0        468   printf8.o
        14          0          0          0          0         60   strlen.o
        44          0          0          0          0         72   uidiv.o
        96          0          0          0          0         84   uldiv.o

    ----------------------------------------------------------------------
      1756         72          0          0          0       1200   Library Totals
         4          0          0          0          0          0   (incl. Padding)

    ----------------------------------------------------------------------

      Code (inc. data)   RO Data    RW Data    ZI Data      Debug   Library Name

      1752         72          0          0          0       1200   mc_p.l

    ----------------------------------------------------------------------
      1756         72          0          0          0       1200   Library Totals

    ----------------------------------------------------------------------

==============================================================================


      Code (inc. data)   RO Data    RW Data    ZI Data      Debug   

     32072       3298        956        328       4072     329587   Grand Totals
     32072       3298        956         12       4072     329587   ELF Image Totals (compressed)
     32072       3298        956         12          0          0   ROM Totals

==============================================================================

    Total RO  Size (Code + RO Data)                33028 (  32.25kB)
    Total RW  Size (RW Data + ZI Data)              4400 (   4.30kB)
    Total ROM Size (Code + RO Data + RW Data)      33040 (  32.27kB)

==============================================================================

